Archive member included to satisfy reference by file (symbol)

c:/st/stm32cubeide_1.8.0/stm32cubeide/plugins/com.st.stm32cube.ide.mcu.externaltools.gnu-tools-for-stm32.9-2020-q2-update.win32_2.0.0.202105311346/tools/bin/../lib/gcc/arm-none-eabi/9.3.1/../../../../arm-none-eabi/lib/thumb/v7e-m+fp/hard\libc_nano.a(lib_a-errno.o)
                              ./Core/Src/syscalls.o (__errno)
c:/st/stm32cubeide_1.8.0/stm32cubeide/plugins/com.st.stm32cube.ide.mcu.externaltools.gnu-tools-for-stm32.9-2020-q2-update.win32_2.0.0.202105311346/tools/bin/../lib/gcc/arm-none-eabi/9.3.1/../../../../arm-none-eabi/lib/thumb/v7e-m+fp/hard\libc_nano.a(lib_a-exit.o)
                              c:/st/stm32cubeide_1.8.0/stm32cubeide/plugins/com.st.stm32cube.ide.mcu.externaltools.gnu-tools-for-stm32.9-2020-q2-update.win32_2.0.0.202105311346/tools/bin/../lib/gcc/arm-none-eabi/9.3.1/../../../../arm-none-eabi/lib/thumb/v7e-m+fp/hard/crt0.o (exit)
c:/st/stm32cubeide_1.8.0/stm32cubeide/plugins/com.st.stm32cube.ide.mcu.externaltools.gnu-tools-for-stm32.9-2020-q2-update.win32_2.0.0.202105311346/tools/bin/../lib/gcc/arm-none-eabi/9.3.1/../../../../arm-none-eabi/lib/thumb/v7e-m+fp/hard\libc_nano.a(lib_a-impure.o)
                              c:/st/stm32cubeide_1.8.0/stm32cubeide/plugins/com.st.stm32cube.ide.mcu.externaltools.gnu-tools-for-stm32.9-2020-q2-update.win32_2.0.0.202105311346/tools/bin/../lib/gcc/arm-none-eabi/9.3.1/../../../../arm-none-eabi/lib/thumb/v7e-m+fp/hard\libc_nano.a(lib_a-exit.o) (_global_impure_ptr)
c:/st/stm32cubeide_1.8.0/stm32cubeide/plugins/com.st.stm32cube.ide.mcu.externaltools.gnu-tools-for-stm32.9-2020-q2-update.win32_2.0.0.202105311346/tools/bin/../lib/gcc/arm-none-eabi/9.3.1/../../../../arm-none-eabi/lib/thumb/v7e-m+fp/hard\libc_nano.a(lib_a-init.o)
                              c:/st/stm32cubeide_1.8.0/stm32cubeide/plugins/com.st.stm32cube.ide.mcu.externaltools.gnu-tools-for-stm32.9-2020-q2-update.win32_2.0.0.202105311346/tools/bin/../lib/gcc/arm-none-eabi/9.3.1/../../../../arm-none-eabi/lib/thumb/v7e-m+fp/hard/crt0.o (__libc_init_array)
c:/st/stm32cubeide_1.8.0/stm32cubeide/plugins/com.st.stm32cube.ide.mcu.externaltools.gnu-tools-for-stm32.9-2020-q2-update.win32_2.0.0.202105311346/tools/bin/../lib/gcc/arm-none-eabi/9.3.1/../../../../arm-none-eabi/lib/thumb/v7e-m+fp/hard\libc_nano.a(lib_a-memset.o)
                              c:/st/stm32cubeide_1.8.0/stm32cubeide/plugins/com.st.stm32cube.ide.mcu.externaltools.gnu-tools-for-stm32.9-2020-q2-update.win32_2.0.0.202105311346/tools/bin/../lib/gcc/arm-none-eabi/9.3.1/../../../../arm-none-eabi/lib/thumb/v7e-m+fp/hard/crt0.o (memset)
c:/st/stm32cubeide_1.8.0/stm32cubeide/plugins/com.st.stm32cube.ide.mcu.externaltools.gnu-tools-for-stm32.9-2020-q2-update.win32_2.0.0.202105311346/tools/bin/../lib/gcc/arm-none-eabi/9.3.1/../../../../arm-none-eabi/lib/thumb/v7e-m+fp/hard\libc_nano.a(lib_a-vsprintf.o)
                              ./Core/Src/SCI.o (vsprintf)
c:/st/stm32cubeide_1.8.0/stm32cubeide/plugins/com.st.stm32cube.ide.mcu.externaltools.gnu-tools-for-stm32.9-2020-q2-update.win32_2.0.0.202105311346/tools/bin/../lib/gcc/arm-none-eabi/9.3.1/../../../../arm-none-eabi/lib/thumb/v7e-m+fp/hard\libc_nano.a(lib_a-nano-svfprintf.o)
                              c:/st/stm32cubeide_1.8.0/stm32cubeide/plugins/com.st.stm32cube.ide.mcu.externaltools.gnu-tools-for-stm32.9-2020-q2-update.win32_2.0.0.202105311346/tools/bin/../lib/gcc/arm-none-eabi/9.3.1/../../../../arm-none-eabi/lib/thumb/v7e-m+fp/hard\libc_nano.a(lib_a-vsprintf.o) (_svfprintf_r)
c:/st/stm32cubeide_1.8.0/stm32cubeide/plugins/com.st.stm32cube.ide.mcu.externaltools.gnu-tools-for-stm32.9-2020-q2-update.win32_2.0.0.202105311346/tools/bin/../lib/gcc/arm-none-eabi/9.3.1/../../../../arm-none-eabi/lib/thumb/v7e-m+fp/hard\libc_nano.a(lib_a-nano-vfprintf_i.o)
                              c:/st/stm32cubeide_1.8.0/stm32cubeide/plugins/com.st.stm32cube.ide.mcu.externaltools.gnu-tools-for-stm32.9-2020-q2-update.win32_2.0.0.202105311346/tools/bin/../lib/gcc/arm-none-eabi/9.3.1/../../../../arm-none-eabi/lib/thumb/v7e-m+fp/hard\libc_nano.a(lib_a-nano-svfprintf.o) (_printf_i)
c:/st/stm32cubeide_1.8.0/stm32cubeide/plugins/com.st.stm32cube.ide.mcu.externaltools.gnu-tools-for-stm32.9-2020-q2-update.win32_2.0.0.202105311346/tools/bin/../lib/gcc/arm-none-eabi/9.3.1/../../../../arm-none-eabi/lib/thumb/v7e-m+fp/hard\libc_nano.a(lib_a-memchr.o)
                              c:/st/stm32cubeide_1.8.0/stm32cubeide/plugins/com.st.stm32cube.ide.mcu.externaltools.gnu-tools-for-stm32.9-2020-q2-update.win32_2.0.0.202105311346/tools/bin/../lib/gcc/arm-none-eabi/9.3.1/../../../../arm-none-eabi/lib/thumb/v7e-m+fp/hard\libc_nano.a(lib_a-nano-svfprintf.o) (memchr)
c:/st/stm32cubeide_1.8.0/stm32cubeide/plugins/com.st.stm32cube.ide.mcu.externaltools.gnu-tools-for-stm32.9-2020-q2-update.win32_2.0.0.202105311346/tools/bin/../lib/gcc/arm-none-eabi/9.3.1/../../../../arm-none-eabi/lib/thumb/v7e-m+fp/hard\libc_nano.a(lib_a-memcpy-stub.o)
[...]
Memory Configuration

Name             Origin             Length             Attributes
CCMRAM           0x0000000010000000 0x0000000000010000 xrw
RAM              0x0000000020000000 0x0000000000020000 xrw
FLASH            0x0000000008000000 0x0000000000080000 xr
*default*        0x0000000000000000 0xffffffffffffffff

Linker script and memory map

LOAD c:/st/stm32cubeide_1.8.0/stm32cubeide/plugins/com.st.stm32cube.ide.mcu.externaltools.gnu-tools-for-stm32.9-2020-q2-update.win32_2.0.0.202105311346/tools/bin/../lib/gcc/arm-none-eabi/9.3.1/thumb/v7e-m+fp/hard/crti.o
LOAD c:/st/stm32cubeide_1.8.0/stm32cubeide/plugins/com.st.stm32cube.ide.mcu.externaltools.gnu-tools-for-stm32.9-2020-q2-update.win32_2.0.0.202105311346/tools/bin/../lib/gcc/arm-none-eabi/9.3.1/thumb/v7e-m+fp/hard/crtbegin.o
LOAD c:/st/stm32cubeide_1.8.0/stm32cubeide/plugins/com.st.stm32cube.ide.mcu.externaltools.gnu-tools-for-stm32.9-2020-q2-update.win32_2.0.0.202105311346/tools/bin/../lib/gcc/arm-none-eabi/9.3.1/../../../../arm-none-eabi/lib/thumb/v7e-m+fp/hard/crt0.o
LOAD ./Core/Src/SCI.o
LOAD ./Core/Src/VFD.o
LOAD ./Core/Src/main.o
LOAD ./Core/Src/menu.o
LOAD ./Core/Src/menu_setting.o
LOAD ./Core/Src/motor.o
LOAD ./Core/Src/run.o
LOAD ./Core/Src/sensor.o
LOAD ./Core/Src/stm32f4xx_hal_msp.o
LOAD ./Core/Src/stm32f4xx_it.o
LOAD ./Core/Src/syscalls.o
LOAD ./Core/Src/sysmem.o
LOAD ./Core/Src/system_stm32f4xx.o
LOAD ./Core/Src/variable.o
LOAD ./Core/Startup/startup_stm32f407vetx.o
LOAD ./Drivers/STM32F4xx_HAL_Driver/Src/stm32f4xx_hal.o
LOAD ./Drivers/STM32F4xx_HAL_Driver/Src/stm32f4xx_hal_adc.o
LOAD ./Drivers/STM32F4xx_HAL_Driver/Src/stm32f4xx_hal_adc_ex.o
LOAD ./Drivers/STM32F4xx_HAL_Driver/Src/stm32f4xx_hal_cortex.o
LOAD ./Drivers/STM32F4xx_HAL_Driver/Src/stm32f4xx_hal_dma.o
LOAD ./Drivers/STM32F4xx_HAL_Driver/Src/stm32f4xx_hal_dma_ex.o
LOAD ./Drivers/STM32F4xx_HAL_Driver/Src/stm32f4xx_hal_exti.o
LOAD ./Drivers/STM32F4xx_HAL_Driver/Src/stm32f4xx_hal_flash.o
LOAD ./Drivers/STM32F4xx_HAL_Driver/Src/stm32f4xx_hal_flash_ex.o
LOAD ./Drivers/STM32F4xx_HAL_Driver/Src/stm32f4xx_hal_flash_ramfunc.o
LOAD ./Drivers/STM32F4xx_HAL_Driver/Src/stm32f4xx_hal_gpio.o
LOAD ./Drivers/STM32F4xx_HAL_Driver/Src/stm32f4xx_hal_pwr.o
LOAD ./Drivers/STM32F4xx_HAL_Driver/Src/stm32f4xx_hal_pwr_ex.o
LOAD ./Drivers/STM32F4xx_HAL_Driver/Src/stm32f4xx_hal_rcc.o
LOAD ./Drivers/STM32F4xx_HAL_Driver/Src/stm32f4xx_hal_rcc_ex.o
LOAD ./Drivers/STM32F4xx_HAL_Driver/Src/stm32f4xx_hal_tim.o
LOAD ./Drivers/STM32F4xx_HAL_Driver/Src/stm32f4xx_hal_tim_ex.o
LOAD ./Drivers/STM32F4xx_HAL_Driver/Src/stm32f4xx_hal_uart.o
LOAD ./Drivers/STM32F4xx_HAL_Driver/Src/stm32f4xx_ll_adc.o
START GROUP
LOAD c:/st/stm32cubeide_1.8.0/stm32cubeide/plugins/com.st.stm32cube.ide.mcu.externaltools.gnu-tools-for-stm32.9-2020-q2-update.win32_2.0.0.202105311346/tools/bin/../lib/gcc/arm-none-eabi/9.3.1/../../../../arm-none-eabi/lib/thumb/v7e-m+fp/hard\libc_nano.a
LOAD c:/st/stm32cubeide_1.8.0/stm32cubeide/plugins/com.st.stm32cube.ide.mcu.externaltools.gnu-tools-for-stm32.9-2020-q2-update.win32_2.0.0.202105311346/tools/bin/../lib/gcc/arm-none-eabi/9.3.1/../../../../arm-none-eabi/lib/thumb/v7e-m+fp/hard\libm.a
END GROUP
START GROUP
LOAD c:/st/stm32cubeide_1.8.0/stm32cubeide/plugins/com.st.stm32cube.ide.mcu.externaltools.gnu-tools-for-stm32.9-2020-q2-update.win32_2.0.0.202105311346/tools/bin/../lib/gcc/arm-none-eabi/9.3.1/thumb/v7e-m+fp/hard\libgcc.a
LOAD c:/st/stm32cubeide_1.8.0/stm32cubeide/plugins/com.st.stm32cube.ide.mcu.externaltools.gnu-tools-for-stm32.9-2020-q2-update.win32_2.0.0.202105311346/tools/bin/../lib/gcc/arm-none-eabi/9.3.1/../../../../arm-none-eabi/lib/thumb/v7e-m+fp/hard\libc_nano.a
END GROUP
START GROUP
LOAD c:/st/stm32cubeide_1.8.0/stm32cubeide/plugins/com.st.stm32cube.ide.mcu.externaltools.gnu-tools-for-stm32.9-2020-q2-update.win32_2.0.0.202105311346/tools/bin/../lib/gcc/arm-none-eabi/9.3.1/thumb/v7e-m+fp/hard\libgcc.a
LOAD c:/st/stm32cubeide_1.8.0/stm32cubeide/plugins/com.st.stm32cube.ide.mcu.externaltools.gnu-tools-for-stm32.9-2020-q2-update.win32_2.0.0.202105311346/tools/bin/../lib/gcc/arm-none-eabi/9.3.1/../../../../arm-none-eabi/lib/thumb/v7e-m+fp/hard\libc_nano.a
LOAD c:/st/stm32cubeide_1.8.0/stm32cubeide/plugins/com.st.stm32cube.ide.mcu.externaltools.gnu-tools-for-stm32.9-2020-q2-update.win32_2.0.0.202105311346/tools/bin/../lib/gcc/arm-none-eabi/9.3.1/../../../../arm-none-eabi/lib/thumb/v7e-m+fp/hard\libnosys.a
END GROUP
START GROUP
LOAD c:/st/stm32cubeide_1.8.0/stm32cubeide/plugins/com.st.stm32cube.ide.mcu.externaltools.gnu-tools-for-stm32.9-2020-q2-update.win32_2.0.0.202105311346/tools/bin/../lib/gcc/arm-none-eabi/9.3.1/thumb/v7e-m+fp/hard\libgcc.a
LOAD c:/st/stm32cubeide_1.8.0/stm32cubeide/plugins/com.st.stm32cube.ide.mcu.externaltools.gnu-tools-for-stm32.9-2020-q2-update.win32_2.0.0.202105311346/tools/bin/../lib/gcc/arm-none-eabi/9.3.1/../../../../arm-none-eabi/lib/thumb/v7e-m+fp/hard\libc_nano.a
LOAD c:/st/stm32cubeide_1.8.0/stm32cubeide/plugins/com.st.stm32cube.ide.mcu.externaltools.gnu-tools-for-stm32.9-2020-q2-update.win32_2.0.0.202105311346/tools/bin/../lib/gcc/arm-none-eabi/9.3.1/../../../../arm-none-eabi/lib/thumb/v7e-m+fp/hard\libnosys.a
END GROUP
LOAD c:/st/stm32cubeide_1.8.0/stm32cubeide/plugins/com.st.stm32cube.ide.mcu.externaltools.gnu-tools-for-stm32.9-2020-q2-update.win32_2.0.0.202105311346/tools/bin/../lib/gcc/arm-none-eabi/9.3.1/thumb/v7e-m+fp/hard/crtend.o
LOAD c:/st/stm32cubeide_1.8.0/stm32cubeide/plugins/com.st.stm32cube.ide.mcu.externaltools.gnu-tools-for-stm32.9-2020-q2-update.win32_2.0.0.202105311346/tools/bin/../lib/gcc/arm-none-eabi/9.3.1/thumb/v7e-m+fp/hard/crtn.o
                0x0000000020020000                _estack = (ORIGIN (RAM) + LENGTH (RAM))
                0x0000000000000200                _Min_Heap_Size = 0x200
                0x0000000000000400                _Min_Stack_Size = 0x400

.isr_vector     0x0000000008000000      0x188
                0x0000000008000000                . = ALIGN (0x4)
 *(.isr_vector)
 .isr_vector    0x0000000008000000      0x188 ./Core/Startup/startup_stm32f407vetx.o
                0x0000000008000000                g_pfnVectors
                0x0000000008000188                . = ALIGN (0x4)

.text           0x0000000008000190     0x6e3c
                0x0000000008000190                . = ALIGN (0x4)
 *(.text)
 .text          0x0000000008000190       0x40 c:/st/stm32cubeide_1.8.0/stm32cubeide/plugins/com.st.stm32cube.ide.mcu.externaltools.gnu-tools-for-stm32.9-2020-q2-update.win32_2.0.0.202105311346/tools/bin/../lib/gcc/arm-none-eabi/9.3.1/thumb/v7e-m+fp/hard/crtbegin.o
 .text          0x00000000080001d0       0xa0 c:/st/stm32cubeide_1.8.0/stm32cubeide/plugins/com.st.stm32cube.ide.mcu.externaltools.gnu-tools-for-stm32.9-2020-q2-update.win32_2.0.0.202105311346/tools/bin/../lib/gcc/arm-none-eabi/9.3.1/../../../../arm-none-eabi/lib/thumb/v7e-m+fp/hard\libc_nano.a(lib_a-memchr.o)
                0x00000000080001d0                memchr
 .text          0x0000000008000270      0x254 c:/st/stm32cubeide_1.8.0/stm32cubeide/plugins/com.st.stm32cube.ide.mcu.externaltools.gnu-tools-for-stm32.9-2020-q2-update.win32_2.0.0.202105311346/tools/bin/../lib/gcc/arm-none-eabi/9.3.1/thumb/v7e-m+fp/hard\libgcc.a(_arm_muldf3.o)
                0x0000000008000270                __muldf3
                0x0000000008000270                __aeabi_dmul
 .text          0x00000000080004c4      0x378 c:/st/stm32cubeide_1.8.0/stm32cubeide/plugins/com.st.stm32cube.ide.mcu.externaltools.gnu-tools-for-stm32.9-2020-q2-update.win32_2.0.0.202105311346/tools/bin/../lib/gcc/arm-none-eabi/9.3.1/thumb/v7e-m+fp/hard\libgcc.a(_arm_addsubdf3.o)
                0x00000000080004c4                __aeabi_drsub
                0x00000000080004cc                __aeabi_dsub
                0x00000000080004cc                __subdf3
                0x00000000080004d0                __aeabi_dadd
                0x00000000080004d0                __adddf3
                0x0000000008000748                __floatunsidf
                0x0000000008000748                __aeabi_ui2d
                0x0000000008000768                __floatsidf
                0x0000000008000768                __aeabi_i2d
                0x000000000800078c                __aeabi_f2d
                0x000000000800078c                __extendsfdf2
                0x00000000080007d0                __floatundidf
                0x00000000080007d0                __aeabi_ul2d
                0x00000000080007e0                __floatdidf
                0x00000000080007e0                __aeabi_l2d
 .text          0x000000000800083c       0x40 c:/st/stm32cubeide_1.8.0/stm32cubeide/plugins/com.st.stm32cube.ide.mcu.externaltools.gnu-tools-for-stm32.9-2020-q2-update.win32_2.0.0.202105311346/tools/bin/../lib/gcc/arm-none-eabi/9.3.1/thumb/v7e-m+fp/hard\libgcc.a(_arm_fixunsdfsi.o)
                0x000000000800083c                __aeabi_d2uiz
                0x000000000800083c                __fixunsdfsi
 .text          0x000000000800087c       0xa0 c:/st/stm32cubeide_1.8.0/stm32cubeide/plugins/com.st.stm32cube.ide.mcu.externaltools.gnu-tools-for-stm32.9-2020-q2-update.win32_2.0.0.202105311346/tools/bin/../lib/gcc/arm-none-eabi/9.3.1/thumb/v7e-m+fp/hard\libgcc.a(_arm_truncdfsf2.o)
                0x000000000800087c                __truncdfsf2
                0x000000000800087c                __aeabi_d2f
 .text          0x000000000800091c       0x30 c:/st/stm32cubeide_1.8.0/stm32cubeide/plugins/com.st.stm32cube.ide.mcu.externaltools.gnu-tools-for-stm32.9-2020-q2-update.win32_2.0.0.202105311346/tools/bin/../lib/gcc/arm-none-eabi/9.3.1/thumb/v7e-m+fp/hard\libgcc.a(_aeabi_uldivmod.o)
                0x000000000800091c                __aeabi_uldivmod
 .text          0x000000000800094c      0x2c4 c:/st/stm32cubeide_1.8.0/stm32cubeide/plugins/com.st.stm32cube.ide.mcu.externaltools.gnu-tools-for-stm32.9-2020-q2-update.win32_2.0.0.202105311346/tools/bin/../lib/gcc/arm-none-eabi/9.3.1/thumb/v7e-m+fp/hard\libgcc.a(_udivmoddi4.o)
                0x000000000800094c                __udivmoddi4
 .text          0x0000000008000c10        0x4 c:/st/stm32cubeide_1.8.0/stm32cubeide/plugins/com.st.stm32cube.ide.mcu.externaltools.gnu-tools-for-stm32.9-2020-q2-update.win32_2.0.0.202105311346/tools/bin/../lib/gcc/arm-none-eabi/9.3.1/thumb/v7e-m+fp/hard\libgcc.a(_dvmd_tls.o)
                0x0000000008000c10                __aeabi_idiv0
                0x0000000008000c10                __aeabi_ldiv0
 *(.text*)
 .text.SCIx_TxChar
                0x0000000008000c14       0x34 ./Core/Src/SCI.o
                0x0000000008000c14                SCIx_TxChar
 .text.SCIx_TxString
                0x0000000008000c48       0x38 ./Core/Src/SCI.o
                0x0000000008000c48                SCIx_TxString
 .text.TxPrintf
                0x0000000008000c80       0x30 ./Core/Src/SCI.o
                0x0000000008000c80                TxPrintf
 .text.VfdCtlRegInit
                0x0000000008000cb0       0xc4 ./Core/Src/VFD.o
                0x0000000008000cb0                VfdCtlRegInit
 .text.VfdInit  0x0000000008000d74       0x58 ./Core/Src/VFD.o
                0x0000000008000d74                VfdInit
 .text.VfdDataLoad
                0x0000000008000dcc      0x140 ./Core/Src/VFD.o
                0x0000000008000dcc                VfdDataLoad
 .text.VFDPrintf
                0x0000000008000f0c       0x30 ./Core/Src/VFD.o
                0x0000000008000f0c                VFDPrintf
 .text.HAL_TIM_PeriodElapsedCallback
                0x0000000008000f3c       0x38 ./Core/Src/main.o
                0x0000000008000f3c                HAL_TIM_PeriodElapsedCallback
 .text.main     0x0000000008000f74      0x128 ./Core/Src/main.o
                0x0000000008000f74                main
 .text.SystemClock_Config
                0x000000000800109c       0xd4 ./Core/Src/main.o
                0x000000000800109c                SystemClock_Config
 .text.MX_ADC1_Init
                0x0000000008001170       0xe4 ./Core/Src/main.o
 .text.MX_TIM1_Init
                0x0000000008001254      0x108 ./Core/Src/main.o
 .text.MX_TIM2_Init
                0x000000000800135c      0x104 ./Core/Src/main.o
 .text.MX_TIM3_Init
                0x0000000008001460       0x9c ./Core/Src/main.o
 .text.MX_TIM6_Init
                0x00000000080014fc       0x6c ./Core/Src/main.o
 .text.MX_TIM7_Init
                0x0000000008001568       0x6c ./Core/Src/main.o
 .text.MX_TIM8_Init
                0x00000000080015d4      0x144 ./Core/Src/main.o
 .text.MX_TIM10_Init
                0x0000000008001718       0xa0 ./Core/Src/main.o
 .text.MX_UART4_Init
                0x00000000080017b8       0x54 ./Core/Src/main.o
 .text.MX_UART5_Init
                0x000000000800180c       0x54 ./Core/Src/main.o
 .text.MX_GPIO_Init
                0x0000000008001860      0x20c ./Core/Src/main.o
 .text.Error_Handler
                0x0000000008001a6c        0xa ./Core/Src/main.o
                0x0000000008001a6c                Error_Handler
 *fill*         0x0000000008001a76        0x2 
 .text.DecreaseValue
                0x0000000008001a78       0xb0 ./Core/Src/menu.o
                0x0000000008001a78                DecreaseValue
 .text.IncreaseValue
                0x0000000008001b28       0xbc ./Core/Src/menu.o
                0x0000000008001b28                IncreaseValue
 .text.ControlPulse
                0x0000000008001be4       0x50 ./Core/Src/menu.o
                0x0000000008001be4                ControlPulse
 .text.DCControlPrint
                0x0000000008001c34       0x14 ./Core/Src/menu.o
                0x0000000008001c34                DCControlPrint
 .text.ServoControlPrint
                0x0000000008001c48       0x14 ./Core/Src/menu.o
                0x0000000008001c48                ServoControlPrint
 .text.IRSensorPrint
                0x0000000008001c5c       0x14 ./Core/Src/menu.o
                0x0000000008001c5c                IRSensorPrint
 .text.FirstPageEndPrint
                0x0000000008001c70       0x1c ./Core/Src/menu.o
                0x0000000008001c70                FirstPageEndPrint
 .text.DCInitiatePrint
                0x0000000008001c8c       0x1c ./Core/Src/menu.o
                0x0000000008001c8c                DCInitiatePrint
 .text.DCControl100Print
                0x0000000008001ca8       0x14 ./Core/Src/menu.o
                0x0000000008001ca8                DCControl100Print
 .text.DCControl10Print
                0x0000000008001cbc       0x14 ./Core/Src/menu.o
                0x0000000008001cbc                DCControl10Print
 .text.DCControl1Print
                0x0000000008001cd0       0x14 ./Core/Src/menu.o
                0x0000000008001cd0                DCControl1Print
 .text.DCVEL10Print
                0x0000000008001ce4       0x14 ./Core/Src/menu.o
                0x0000000008001ce4                DCVEL10Print
 .text.getSensorValPrint
                0x0000000008001cf8       0x14 ./Core/Src/menu.o
                0x0000000008001cf8                getSensorValPrint
 .text.getEncoderValPrint
                0x0000000008001d0c       0x14 ./Core/Src/menu.o
                0x0000000008001d0c                getEncoderValPrint
 .text.doZeroControlPrint
                0x0000000008001d20       0x14 ./Core/Src/menu.o
                0x0000000008001d20                doZeroControlPrint
 .text.ServoControl100Print
                0x0000000008001d34       0x14 ./Core/Src/menu.o
                0x0000000008001d34                ServoControl100Print
 .text.ServoControl10Print
                0x0000000008001d48       0x14 ./Core/Src/menu.o
                0x0000000008001d48                ServoControl10Print
 .text.ServoControl1Print
                0x0000000008001d5c       0x14 ./Core/Src/menu.o
                0x0000000008001d5c                ServoControl1Print
 .text.SecondPageEndPrint
                0x0000000008001d70       0x1c ./Core/Src/menu.o
                0x0000000008001d70                SecondPageEndPrint
 .text.DCInitiate
                0x0000000008001d8c       0x7c ./Core/Src/menu.o
                0x0000000008001d8c                DCInitiate
 .text.DCControl100
                0x0000000008001e08       0x10 ./Core/Src/menu.o
                0x0000000008001e08                DCControl100
 .text.DCControl10
                0x0000000008001e18       0x10 ./Core/Src/menu.o
                0x0000000008001e18                DCControl10
 .text.DCControl1
                0x0000000008001e28       0x10 ./Core/Src/menu.o
                0x0000000008001e28                DCControl1
 .text.DCVEL10  0x0000000008001e38       0x38 ./Core/Src/menu.o
                0x0000000008001e38                DCVEL10
 .text.ServoControl100
                0x0000000008001e70       0x10 ./Core/Src/menu.o
                0x0000000008001e70                ServoControl100
 .text.ServoControl10
                0x0000000008001e80       0x10 ./Core/Src/menu.o
                0x0000000008001e80                ServoControl10
 .text.ServoControl1
                0x0000000008001e90       0x10 ./Core/Src/menu.o
                0x0000000008001e90                ServoControl1
 .text.getSensorValue
                0x0000000008001ea0       0x70 ./Core/Src/menu.o
                0x0000000008001ea0                getSensorValue
 .text.getEncoderValue
                0x0000000008001f10       0x1c ./Core/Src/menu.o
                0x0000000008001f10                getEncoderValue
 .text.ZeroControl
                0x0000000008001f2c       0x80 ./Core/Src/menu.o
                0x0000000008001f2c                ZeroControl
 .text.MenuSetting
                0x0000000008001fac      0x228 ./Core/Src/menu_setting.o
                0x0000000008001fac                MenuSetting
 .text.menu     0x00000000080021d4      0x2d4 ./Core/Src/menu_setting.o
                0x00000000080021d4                menu
 .text.motor_ISR
                0x00000000080024a8      0x488 ./Core/Src/motor.o
                0x00000000080024a8                motor_ISR
 .text.move_to_target
                0x0000000008002930       0x88 ./Core/Src/motor.o
                0x0000000008002930                move_to_target
 .text.sensor_ISR
                0x00000000080029b8       0x7c ./Core/Src/sensor.o
                0x00000000080029b8                sensor_ISR
 .text.HAL_MspInit
                0x0000000008002a34       0x50 ./Core/Src/stm32f4xx_hal_msp.o
                0x0000000008002a34                HAL_MspInit
 .text.HAL_ADC_MspInit
                0x0000000008002a84       0x98 ./Core/Src/stm32f4xx_hal_msp.o
                0x0000000008002a84                HAL_ADC_MspInit
 .text.HAL_TIM_PWM_MspInit
                0x0000000008002b1c       0x44 ./Core/Src/stm32f4xx_hal_msp.o
                0x0000000008002b1c                HAL_TIM_PWM_MspInit
 .text.HAL_TIM_IC_MspInit
                0x0000000008002b60       0xd0 ./Core/Src/stm32f4xx_hal_msp.o
                0x0000000008002b60                HAL_TIM_IC_MspInit
 .text.HAL_TIM_Base_MspInit
                0x0000000008002c30      0x110 ./Core/Src/stm32f4xx_hal_msp.o
                0x0000000008002c30                HAL_TIM_Base_MspInit
 .text.HAL_TIM_MspPostInit
                0x0000000008002d40      0x118 ./Core/Src/stm32f4xx_hal_msp.o
                0x0000000008002d40                HAL_TIM_MspPostInit
 .text.HAL_UART_MspInit
                0x0000000008002e58      0x13c ./Core/Src/stm32f4xx_hal_msp.o
                0x0000000008002e58                HAL_UART_MspInit
 .text.NMI_Handler
                0x0000000008002f94        0x6 ./Core/Src/stm32f4xx_it.o
                0x0000000008002f94                NMI_Handler
 .text.HardFault_Handler
                0x0000000008002f9a        0x6 ./Core/Src/stm32f4xx_it.o
                0x0000000008002f9a                HardFault_Handler
 .text.MemManage_Handler
                0x0000000008002fa0        0x6 ./Core/Src/stm32f4xx_it.o
                0x0000000008002fa0                MemManage_Handler
 .text.BusFault_Handler
                0x0000000008002fa6        0x6 ./Core/Src/stm32f4xx_it.o
                0x0000000008002fa6                BusFault_Handler
 .text.UsageFault_Handler
                0x0000000008002fac        0x6 ./Core/Src/stm32f4xx_it.o
                0x0000000008002fac                UsageFault_Handler
 .text.SVC_Handler
                0x0000000008002fb2        0xe ./Core/Src/stm32f4xx_it.o
                0x0000000008002fb2                SVC_Handler
 .text.DebugMon_Handler
                0x0000000008002fc0        0xe ./Core/Src/stm32f4xx_it.o
                0x0000000008002fc0                DebugMon_Handler
 .text.PendSV_Handler
                0x0000000008002fce        0xe ./Core/Src/stm32f4xx_it.o
                0x0000000008002fce                PendSV_Handler
 .text.SysTick_Handler
                0x0000000008002fdc        0xc ./Core/Src/stm32f4xx_it.o
                0x0000000008002fdc                SysTick_Handler
 .text.ADC_IRQHandler
                0x0000000008002fe8       0x14 ./Core/Src/stm32f4xx_it.o
                0x0000000008002fe8                ADC_IRQHandler
 .text.TIM6_DAC_IRQHandler
                0x0000000008002ffc       0x14 ./Core/Src/stm32f4xx_it.o
                0x0000000008002ffc                TIM6_DAC_IRQHandler
 .text.TIM7_IRQHandler
                0x0000000008003010       0x14 ./Core/Src/stm32f4xx_it.o
                0x0000000008003010                TIM7_IRQHandler
 .text._sbrk    0x0000000008003024       0x6c ./Core/Src/sysmem.o
                0x0000000008003024                _sbrk
 .text.SystemInit
                0x0000000008003090       0x24 ./Core/Src/system_stm32f4xx.o
                0x0000000008003090                SystemInit
 .text.Reset_Handler
                0x00000000080030b4       0x50 ./Core/Startup/startup_stm32f407vetx.o
                0x00000000080030b4                Reset_Handler
 .text.Default_Handler
                0x0000000008003104        0x2 ./Core/Startup/startup_stm32f407vetx.o
                0x0000000008003104                RTC_Alarm_IRQHandler
                0x0000000008003104                HASH_RNG_IRQHandler
                0x0000000008003104                EXTI2_IRQHandler
                0x0000000008003104                TIM8_CC_IRQHandler
                0x0000000008003104                TIM1_CC_IRQHandler
                0x0000000008003104                DMA2_Stream5_IRQHandler
                0x0000000008003104                DMA1_Stream5_IRQHandler
                0x0000000008003104                PVD_IRQHandler
                0x0000000008003104                SDIO_IRQHandler
                0x0000000008003104                TAMP_STAMP_IRQHandler
                0x0000000008003104                CAN2_RX1_IRQHandler
                0x0000000008003104                EXTI3_IRQHandler
                0x0000000008003104                TIM8_TRG_COM_TIM14_IRQHandler
                0x0000000008003104                TIM1_UP_TIM10_IRQHandler
                0x0000000008003104                TIM8_UP_TIM13_IRQHandler
                0x0000000008003104                I2C3_ER_IRQHandler
                0x0000000008003104                EXTI0_IRQHandler
                0x0000000008003104                I2C2_EV_IRQHandler
                0x0000000008003104                DMA1_Stream2_IRQHandler
                0x0000000008003104                CAN1_RX0_IRQHandler
                0x0000000008003104                FPU_IRQHandler
                0x0000000008003104                OTG_HS_WKUP_IRQHandler
                0x0000000008003104                CAN2_SCE_IRQHandler
                0x0000000008003104                DMA2_Stream2_IRQHandler
                0x0000000008003104                SPI1_IRQHandler
                0x0000000008003104                TIM1_BRK_TIM9_IRQHandler
                0x0000000008003104                DCMI_IRQHandler
                0x0000000008003104                CAN2_RX0_IRQHandler
                0x0000000008003104                DMA2_Stream3_IRQHandler
                0x0000000008003104                USART6_IRQHandler
                0x0000000008003104                USART3_IRQHandler
                0x0000000008003104                CAN1_RX1_IRQHandler
                0x0000000008003104                UART5_IRQHandler
                0x0000000008003104                DMA2_Stream0_IRQHandler
                0x0000000008003104                TIM4_IRQHandler
                0x0000000008003104                I2C1_EV_IRQHandler
                0x0000000008003104                DMA1_Stream6_IRQHandler
                0x0000000008003104                DMA1_Stream1_IRQHandler
                0x0000000008003104                UART4_IRQHandler
                0x0000000008003104                TIM3_IRQHandler
                0x0000000008003104                RCC_IRQHandler
                0x0000000008003104                TIM8_BRK_TIM12_IRQHandler
                0x0000000008003104                Default_Handler
                0x0000000008003104                EXTI15_10_IRQHandler
                0x0000000008003104                DMA1_Stream7_IRQHandler
                0x0000000008003104                CAN2_TX_IRQHandler
                0x0000000008003104                TIM5_IRQHandler
                0x0000000008003104                DMA2_Stream7_IRQHandler
                0x0000000008003104                I2C3_EV_IRQHandler
                0x0000000008003104                EXTI9_5_IRQHandler
                0x0000000008003104                RTC_WKUP_IRQHandler
                0x0000000008003104                ETH_WKUP_IRQHandler
                0x0000000008003104                SPI2_IRQHandler
                0x0000000008003104                OTG_HS_EP1_IN_IRQHandler
                0x0000000008003104                DMA1_Stream0_IRQHandler
                0x0000000008003104                CAN1_TX_IRQHandler
                0x0000000008003104                EXTI4_IRQHandler
                0x0000000008003104                FSMC_IRQHandler
                0x0000000008003104                ETH_IRQHandler
                0x0000000008003104                OTG_HS_EP1_OUT_IRQHandler
                0x0000000008003104                WWDG_IRQHandler
                0x0000000008003104                TIM2_IRQHandler
                0x0000000008003104                OTG_FS_WKUP_IRQHandler
                0x0000000008003104                TIM1_TRG_COM_TIM11_IRQHandler
                0x0000000008003104                OTG_HS_IRQHandler
                0x0000000008003104                EXTI1_IRQHandler
                0x0000000008003104                USART2_IRQHandler
                0x0000000008003104                I2C2_ER_IRQHandler
                0x0000000008003104                DMA2_Stream1_IRQHandler
                0x0000000008003104                CAN1_SCE_IRQHandler
                0x0000000008003104                FLASH_IRQHandler
                0x0000000008003104                DMA2_Stream4_IRQHandler
                0x0000000008003104                USART1_IRQHandler
                0x0000000008003104                OTG_FS_IRQHandler
                0x0000000008003104                SPI3_IRQHandler
                0x0000000008003104                DMA1_Stream4_IRQHandler
                0x0000000008003104                I2C1_ER_IRQHandler
                0x0000000008003104                DMA2_Stream6_IRQHandler
                0x0000000008003104                DMA1_Stream3_IRQHandler
 *fill*         0x0000000008003106        0x2 
 .text.HAL_Init
                0x0000000008003108       0x44 ./Drivers/STM32F4xx_HAL_Driver/Src/stm32f4xx_hal.o
                0x0000000008003108                HAL_Init
 .text.HAL_InitTick
                0x000000000800314c       0x60 ./Drivers/STM32F4xx_HAL_Driver/Src/stm32f4xx_hal.o
                0x000000000800314c                HAL_InitTick
 .text.HAL_IncTick
                0x00000000080031ac       0x28 ./Drivers/STM32F4xx_HAL_Driver/Src/stm32f4xx_hal.o
                0x00000000080031ac                HAL_IncTick
 .text.HAL_GetTick
                0x00000000080031d4       0x18 ./Drivers/STM32F4xx_HAL_Driver/Src/stm32f4xx_hal.o
                0x00000000080031d4                HAL_GetTick
 .text.HAL_Delay
                0x00000000080031ec       0x48 ./Drivers/STM32F4xx_HAL_Driver/Src/stm32f4xx_hal.o
                0x00000000080031ec                HAL_Delay
 .text.HAL_ADC_Init
                0x0000000008003234       0x86 ./Drivers/STM32F4xx_HAL_Driver/Src/stm32f4xx_hal_adc.o
                0x0000000008003234                HAL_ADC_Init
 *fill*         0x00000000080032ba        0x2 
 .text.HAL_ADC_Start
                0x00000000080032bc      0x1a4 ./Drivers/STM32F4xx_HAL_Driver/Src/stm32f4xx_hal_adc.o
                0x00000000080032bc                HAL_ADC_Start
 .text.HAL_ADC_PollForConversion
                0x0000000008003460      0x116 ./Drivers/STM32F4xx_HAL_Driver/Src/stm32f4xx_hal_adc.o
                0x0000000008003460                HAL_ADC_PollForConversion
 .text.HAL_ADC_IRQHandler
                0x0000000008003576      0x282 ./Drivers/STM32F4xx_HAL_Driver/Src/stm32f4xx_hal_adc.o
                0x0000000008003576                HAL_ADC_IRQHandler
 .text.HAL_ADC_GetValue
                0x00000000080037f8       0x1a ./Drivers/STM32F4xx_HAL_Driver/Src/stm32f4xx_hal_adc.o
                0x00000000080037f8                HAL_ADC_GetValue
 .text.HAL_ADC_ConvCpltCallback
                0x0000000008003812       0x14 ./Drivers/STM32F4xx_HAL_Driver/Src/stm32f4xx_hal_adc.o
                0x0000000008003812                HAL_ADC_ConvCpltCallback
 .text.HAL_ADC_LevelOutOfWindowCallback
                0x0000000008003826       0x14 ./Drivers/STM32F4xx_HAL_Driver/Src/stm32f4xx_hal_adc.o
                0x0000000008003826                HAL_ADC_LevelOutOfWindowCallback
 .text.HAL_ADC_ErrorCallback
                0x000000000800383a       0x14 ./Drivers/STM32F4xx_HAL_Driver/Src/stm32f4xx_hal_adc.o
                0x000000000800383a                HAL_ADC_ErrorCallback
 *fill*         0x000000000800384e        0x2 
 .text.HAL_ADC_ConfigChannel
                0x0000000008003850      0x244 ./Drivers/STM32F4xx_HAL_Driver/Src/stm32f4xx_hal_adc.o
                0x0000000008003850                HAL_ADC_ConfigChannel
 .text.ADC_Init
                0x0000000008003a94      0x1f8 ./Drivers/STM32F4xx_HAL_Driver/Src/stm32f4xx_hal_adc.o
 .text.HAL_ADCEx_InjectedConvCpltCallback
                0x0000000008003c8c       0x14 ./Drivers/STM32F4xx_HAL_Driver/Src/stm32f4xx_hal_adc_ex.o
                0x0000000008003c8c                HAL_ADCEx_InjectedConvCpltCallback
 .text.__NVIC_SetPriorityGrouping
                0x0000000008003ca0       0x48 ./Drivers/STM32F4xx_HAL_Driver/Src/stm32f4xx_hal_cortex.o
 .text.__NVIC_GetPriorityGrouping
                0x0000000008003ce8       0x1c ./Drivers/STM32F4xx_HAL_Driver/Src/stm32f4xx_hal_cortex.o
 .text.__NVIC_EnableIRQ
                0x0000000008003d04       0x3c ./Drivers/STM32F4xx_HAL_Driver/Src/stm32f4xx_hal_cortex.o
 .text.__NVIC_SetPriority
                0x0000000008003d40       0x54 ./Drivers/STM32F4xx_HAL_Driver/Src/stm32f4xx_hal_cortex.o
 .text.NVIC_EncodePriority
                0x0000000008003d94       0x66 ./Drivers/STM32F4xx_HAL_Driver/Src/stm32f4xx_hal_cortex.o
 *fill*         0x0000000008003dfa        0x2 
 .text.SysTick_Config
                0x0000000008003dfc       0x44 ./Drivers/STM32F4xx_HAL_Driver/Src/stm32f4xx_hal_cortex.o
 .text.HAL_NVIC_SetPriorityGrouping
                0x0000000008003e40       0x16 ./Drivers/STM32F4xx_HAL_Driver/Src/stm32f4xx_hal_cortex.o
                0x0000000008003e40                HAL_NVIC_SetPriorityGrouping
 .text.HAL_NVIC_SetPriority
                0x0000000008003e56       0x38 ./Drivers/STM32F4xx_HAL_Driver/Src/stm32f4xx_hal_cortex.o
                0x0000000008003e56                HAL_NVIC_SetPriority
 .text.HAL_NVIC_EnableIRQ
                0x0000000008003e8e       0x1c ./Drivers/STM32F4xx_HAL_Driver/Src/stm32f4xx_hal_cortex.o
                0x0000000008003e8e                HAL_NVIC_EnableIRQ
 .text.HAL_SYSTICK_Config
                0x0000000008003eaa       0x18 ./Drivers/STM32F4xx_HAL_Driver/Src/stm32f4xx_hal_cortex.o
                0x0000000008003eaa                HAL_SYSTICK_Config
 *fill*         0x0000000008003ec2        0x2 
 .text.HAL_GPIO_Init
                0x0000000008003ec4      0x338 ./Drivers/STM32F4xx_HAL_Driver/Src/stm32f4xx_hal_gpio.o
                0x0000000008003ec4                HAL_GPIO_Init
 .text.HAL_GPIO_WritePin
                0x00000000080041fc       0x32 ./Drivers/STM32F4xx_HAL_Driver/Src/stm32f4xx_hal_gpio.o
                0x00000000080041fc                HAL_GPIO_WritePin
 *fill*         0x000000000800422e        0x2 
 .text.HAL_RCC_OscConfig
                0x0000000008004230      0x4f0 ./Drivers/STM32F4xx_HAL_Driver/Src/stm32f4xx_hal_rcc.o
                0x0000000008004230                HAL_RCC_OscConfig
 .text.HAL_RCC_ClockConfig
                0x0000000008004720      0x1cc ./Drivers/STM32F4xx_HAL_Driver/Src/stm32f4xx_hal_rcc.o
                0x0000000008004720                HAL_RCC_ClockConfig
 .text.HAL_RCC_GetSysClockFreq
                0x00000000080048ec      0x1c4 ./Drivers/STM32F4xx_HAL_Driver/Src/stm32f4xx_hal_rcc.o
                0x00000000080048ec                HAL_RCC_GetSysClockFreq
 .text.HAL_RCC_GetHCLKFreq
                0x0000000008004ab0       0x18 ./Drivers/STM32F4xx_HAL_Driver/Src/stm32f4xx_hal_rcc.o
                0x0000000008004ab0                HAL_RCC_GetHCLKFreq
 .text.HAL_RCC_GetPCLK1Freq
                0x0000000008004ac8       0x28 ./Drivers/STM32F4xx_HAL_Driver/Src/stm32f4xx_hal_rcc.o
                0x0000000008004ac8                HAL_RCC_GetPCLK1Freq
 .text.HAL_RCC_GetPCLK2Freq
                0x0000000008004af0       0x28 ./Drivers/STM32F4xx_HAL_Driver/Src/stm32f4xx_hal_rcc.o
                0x0000000008004af0                HAL_RCC_GetPCLK2Freq
 .text.HAL_TIM_Base_Init
                0x0000000008004b18       0x9e ./Drivers/STM32F4xx_HAL_Driver/Src/stm32f4xx_hal_tim.o
                0x0000000008004b18                HAL_TIM_Base_Init
 *fill*         0x0000000008004bb6        0x2 
 .text.HAL_TIM_Base_Start_IT
                0x0000000008004bb8       0xe0 ./Drivers/STM32F4xx_HAL_Driver/Src/stm32f4xx_hal_tim.o
                0x0000000008004bb8                HAL_TIM_Base_Start_IT
 .text.HAL_TIM_PWM_Init
                0x0000000008004c98       0x9e ./Drivers/STM32F4xx_HAL_Driver/Src/stm32f4xx_hal_tim.o
                0x0000000008004c98                HAL_TIM_PWM_Init
 *fill*         0x0000000008004d36        0x2 
 .text.HAL_TIM_PWM_Start
                0x0000000008004d38      0x190 ./Drivers/STM32F4xx_HAL_Driver/Src/stm32f4xx_hal_tim.o
                0x0000000008004d38                HAL_TIM_PWM_Start
 .text.HAL_TIM_IC_Init
                0x0000000008004ec8       0x9e ./Drivers/STM32F4xx_HAL_Driver/Src/stm32f4xx_hal_tim.o
                0x0000000008004ec8                HAL_TIM_IC_Init
 .text.HAL_TIM_Encoder_Init
                0x0000000008004f66      0x14c ./Drivers/STM32F4xx_HAL_Driver/Src/stm32f4xx_hal_tim.o
                0x0000000008004f66                HAL_TIM_Encoder_Init
 .text.HAL_TIM_Encoder_MspInit
                0x00000000080050b2       0x14 ./Drivers/STM32F4xx_HAL_Driver/Src/stm32f4xx_hal_tim.o
                0x00000000080050b2                HAL_TIM_Encoder_MspInit
 .text.HAL_TIM_Encoder_Start
                0x00000000080050c6      0x11c ./Drivers/STM32F4xx_HAL_Driver/Src/stm32f4xx_hal_tim.o
                0x00000000080050c6                HAL_TIM_Encoder_Start
 .text.HAL_TIM_IRQHandler
                0x00000000080051e2      0x210 ./Drivers/STM32F4xx_HAL_Driver/Src/stm32f4xx_hal_tim.o
                0x00000000080051e2                HAL_TIM_IRQHandler
 .text.HAL_TIM_IC_ConfigChannel
                0x00000000080053f2      0x138 ./Drivers/STM32F4xx_HAL_Driver/Src/stm32f4xx_hal_tim.o
                0x00000000080053f2                HAL_TIM_IC_ConfigChannel
 *fill*         0x000000000800552a        0x2 
 .text.HAL_TIM_PWM_ConfigChannel
                0x000000000800552c      0x184 ./Drivers/STM32F4xx_HAL_Driver/Src/stm32f4xx_hal_tim.o
                0x000000000800552c                HAL_TIM_PWM_ConfigChannel
 .text.HAL_TIM_ConfigClockSource
                0x00000000080056b0      0x18e ./Drivers/STM32F4xx_HAL_Driver/Src/stm32f4xx_hal_tim.o
                0x00000000080056b0                HAL_TIM_ConfigClockSource
 .text.HAL_TIM_OC_DelayElapsedCallback
                0x000000000800583e       0x14 ./Drivers/STM32F4xx_HAL_Driver/Src/stm32f4xx_hal_tim.o
                0x000000000800583e                HAL_TIM_OC_DelayElapsedCallback
 .text.HAL_TIM_IC_CaptureCallback
                0x0000000008005852       0x14 ./Drivers/STM32F4xx_HAL_Driver/Src/stm32f4xx_hal_tim.o
                0x0000000008005852                HAL_TIM_IC_CaptureCallback
 .text.HAL_TIM_PWM_PulseFinishedCallback
                0x0000000008005866       0x14 ./Drivers/STM32F4xx_HAL_Driver/Src/stm32f4xx_hal_tim.o
                0x0000000008005866                HAL_TIM_PWM_PulseFinishedCallback
 .text.HAL_TIM_TriggerCallback
                0x000000000800587a       0x14 ./Drivers/STM32F4xx_HAL_Driver/Src/stm32f4xx_hal_tim.o
                0x000000000800587a                HAL_TIM_TriggerCallback
 *fill*         0x000000000800588e        0x2 
 .text.TIM_Base_SetConfig
                0x0000000008005890      0x140 ./Drivers/STM32F4xx_HAL_Driver/Src/stm32f4xx_hal_tim.o
                0x0000000008005890                TIM_Base_SetConfig
 .text.TIM_OC1_SetConfig
                0x00000000080059d0       0xe0 ./Drivers/STM32F4xx_HAL_Driver/Src/stm32f4xx_hal_tim.o
 .text.TIM_OC2_SetConfig
                0x0000000008005ab0       0xec ./Drivers/STM32F4xx_HAL_Driver/Src/stm32f4xx_hal_tim.o
                0x0000000008005ab0                TIM_OC2_SetConfig
 .text.TIM_OC3_SetConfig
                0x0000000008005b9c       0xe8 ./Drivers/STM32F4xx_HAL_Driver/Src/stm32f4xx_hal_tim.o
 .text.TIM_OC4_SetConfig
                0x0000000008005c84       0xac ./Drivers/STM32F4xx_HAL_Driver/Src/stm32f4xx_hal_tim.o
 .text.TIM_TI1_SetConfig
                0x0000000008005d30       0xe8 ./Drivers/STM32F4xx_HAL_Driver/Src/stm32f4xx_hal_tim.o
                0x0000000008005d30                TIM_TI1_SetConfig
 .text.TIM_TI1_ConfigInputStage
                0x0000000008005e18       0x5e ./Drivers/STM32F4xx_HAL_Driver/Src/stm32f4xx_hal_tim.o
 .text.TIM_TI2_SetConfig
                0x0000000008005e76       0x7a ./Drivers/STM32F4xx_HAL_Driver/Src/stm32f4xx_hal_tim.o
 .text.TIM_TI2_ConfigInputStage
                0x0000000008005ef0       0x60 ./Drivers/STM32F4xx_HAL_Driver/Src/stm32f4xx_hal_tim.o
 .text.TIM_TI3_SetConfig
                0x0000000008005f50       0x78 ./Drivers/STM32F4xx_HAL_Driver/Src/stm32f4xx_hal_tim.o
 .text.TIM_TI4_SetConfig
                0x0000000008005fc8       0x7a ./Drivers/STM32F4xx_HAL_Driver/Src/stm32f4xx_hal_tim.o
 .text.TIM_ITRx_SetConfig
                0x0000000008006042       0x36 ./Drivers/STM32F4xx_HAL_Driver/Src/stm32f4xx_hal_tim.o
 .text.TIM_ETR_SetConfig
                0x0000000008006078       0x40 ./Drivers/STM32F4xx_HAL_Driver/Src/stm32f4xx_hal_tim.o
                0x0000000008006078                TIM_ETR_SetConfig
 .text.TIM_CCxChannelCmd
                0x00000000080060b8       0x4a ./Drivers/STM32F4xx_HAL_Driver/Src/stm32f4xx_hal_tim.o
                0x00000000080060b8                TIM_CCxChannelCmd
 *fill*         0x0000000008006102        0x2 
 .text.HAL_TIMEx_MasterConfigSynchronization
                0x0000000008006104       0xf8 ./Drivers/STM32F4xx_HAL_Driver/Src/stm32f4xx_hal_tim_ex.o
                0x0000000008006104                HAL_TIMEx_MasterConfigSynchronization
 .text.HAL_TIMEx_ConfigBreakDeadTime
                0x00000000080061fc       0xa4 ./Drivers/STM32F4xx_HAL_Driver/Src/stm32f4xx_hal_tim_ex.o
                0x00000000080061fc                HAL_TIMEx_ConfigBreakDeadTime
 .text.HAL_TIMEx_CommutCallback
                0x00000000080062a0       0x14 ./Drivers/STM32F4xx_HAL_Driver/Src/stm32f4xx_hal_tim_ex.o
                0x00000000080062a0                HAL_TIMEx_CommutCallback
 .text.HAL_TIMEx_BreakCallback
                0x00000000080062b4       0x14 ./Drivers/STM32F4xx_HAL_Driver/Src/stm32f4xx_hal_tim_ex.o
                0x00000000080062b4                HAL_TIMEx_BreakCallback
 .text.HAL_UART_Init
                0x00000000080062c8       0x9a ./Drivers/STM32F4xx_HAL_Driver/Src/stm32f4xx_hal_uart.o
                0x00000000080062c8                HAL_UART_Init
 *fill*         0x0000000008006362        0x2 
 .text.UART_SetConfig
                0x0000000008006364      0x390 ./Drivers/STM32F4xx_HAL_Driver/Src/stm32f4xx_hal_uart.o
 .text.__errno  0x00000000080066f4        0xc c:/st/stm32cubeide_1.8.0/stm32cubeide/plugins/com.st.stm32cube.ide.mcu.externaltools.gnu-tools-for-stm32.9-2020-q2-update.win32_2.0.0.202105311346/tools/bin/../lib/gcc/arm-none-eabi/9.3.1/../../../../arm-none-eabi/lib/thumb/v7e-m+fp/hard\libc_nano.a(lib_a-errno.o)
                0x00000000080066f4                __errno
 .text.__libc_init_array
                0x0000000008006700       0x48 c:/st/stm32cubeide_1.8.0/stm32cubeide/plugins/com.st.stm32cube.ide.mcu.externaltools.gnu-tools-for-stm32.9-2020-q2-update.win32_2.0.0.202105311346/tools/bin/../lib/gcc/arm-none-eabi/9.3.1/../../../../arm-none-eabi/lib/thumb/v7e-m+fp/hard\libc_nano.a(lib_a-init.o)
                0x0000000008006700                __libc_init_array
 .text.memset   0x0000000008006748       0x10 c:/st/stm32cubeide_1.8.0/stm32cubeide/plugins/com.st.stm32cube.ide.mcu.externaltools.gnu-tools-for-stm32.9-2020-q2-update.win32_2.0.0.202105311346/tools/bin/../lib/gcc/arm-none-eabi/9.3.1/../../../../arm-none-eabi/lib/thumb/v7e-m+fp/hard\libc_nano.a(lib_a-memset.o)
                0x0000000008006748                memset
 .text._vsprintf_r
                0x0000000008006758       0x2c c:/st/stm32cubeide_1.8.0/stm32cubeide/plugins/com.st.stm32cube.ide.mcu.externaltools.gnu-tools-for-stm32.9-2020-q2-update.win32_2.0.0.202105311346/tools/bin/../lib/gcc/arm-none-eabi/9.3.1/../../../../arm-none-eabi/lib/thumb/v7e-m+fp/hard\libc_nano.a(lib_a-vsprintf.o)
                0x0000000008006758                _vsprintf_r
                0x0000000008006758                _vsiprintf_r
 .text.vsprintf
                0x0000000008006784       0x14 c:/st/stm32cubeide_1.8.0/stm32cubeide/plugins/com.st.stm32cube.ide.mcu.externaltools.gnu-tools-for-stm32.9-2020-q2-update.win32_2.0.0.202105311346/tools/bin/../lib/gcc/arm-none-eabi/9.3.1/../../../../arm-none-eabi/lib/thumb/v7e-m+fp/hard\libc_nano.a(lib_a-vsprintf.o)
                0x0000000008006784                vsiprintf
                0x0000000008006784                vsprintf
 .text.__ssputs_r
                0x0000000008006798       0xb6 c:/st/stm32cubeide_1.8.0/stm32cubeide/plugins/com.st.stm32cube.ide.mcu.externaltools.gnu-tools-for-stm32.9-2020-q2-update.win32_2.0.0.202105311346/tools/bin/../lib/gcc/arm-none-eabi/9.3.1/../../../../arm-none-eabi/lib/thumb/v7e-m+fp/hard\libc_nano.a(lib_a-nano-svfprintf.o)
                0x0000000008006798                __ssputs_r
 *fill*         0x000000000800684e        0x2 
 .text._svfprintf_r
                0x0000000008006850      0x200 c:/st/stm32cubeide_1.8.0/stm32cubeide/plugins/com.st.stm32cube.ide.mcu.externaltools.gnu-tools-for-stm32.9-2020-q2-update.win32_2.0.0.202105311346/tools/bin/../lib/gcc/arm-none-eabi/9.3.1/../../../../arm-none-eabi/lib/thumb/v7e-m+fp/hard\libc_nano.a(lib_a-nano-svfprintf.o)
                0x0000000008006850                _svfiprintf_r
                0x0000000008006850                _svfprintf_r
 .text._printf_common
                0x0000000008006a50       0xda c:/st/stm32cubeide_1.8.0/stm32cubeide/plugins/com.st.stm32cube.ide.mcu.externaltools.gnu-tools-for-stm32.9-2020-q2-update.win32_2.0.0.202105311346/tools/bin/../lib/gcc/arm-none-eabi/9.3.1/../../../../arm-none-eabi/lib/thumb/v7e-m+fp/hard\libc_nano.a(lib_a-nano-vfprintf_i.o)
                0x0000000008006a50                _printf_common
 *fill*         0x0000000008006b2a        0x2 
 .text._printf_i
                0x0000000008006b2c      0x24c c:/st/stm32cubeide_1.8.0/stm32cubeide/plugins/com.st.stm32cube.ide.mcu.externaltools.gnu-tools-for-stm32.9-2020-q2-update.win32_2.0.0.202105311346/tools/bin/../lib/gcc/arm-none-eabi/9.3.1/../../../../arm-none-eabi/lib/thumb/v7e-m+fp/hard\libc_nano.a(lib_a-nano-vfprintf_i.o)
                0x0000000008006b2c                _printf_i
 .text.memcpy   0x0000000008006d78       0x1c c:/st/stm32cubeide_1.8.0/stm32cubeide/plugins/com.st.stm32cube.ide.mcu.externaltools.gnu-tools-for-stm32.9-2020-q2-update.win32_2.0.0.202105311346/tools/bin/../lib/gcc/arm-none-eabi/9.3.1/../../../../arm-none-eabi/lib/thumb/v7e-m+fp/hard\libc_nano.a(lib_a-memcpy-stub.o)
                0x0000000008006d78                memcpy
 .text.memmove  0x0000000008006d94       0x34 c:/st/stm32cubeide_1.8.0/stm32cubeide/plugins/com.st.stm32cube.ide.mcu.externaltools.gnu-tools-for-stm32.9-2020-q2-update.win32_2.0.0.202105311346/tools/bin/../lib/gcc/arm-none-eabi/9.3.1/../../../../arm-none-eabi/lib/thumb/v7e-m+fp/hard\libc_nano.a(lib_a-memmove.o)
                0x0000000008006d94                memmove
 .text._free_r  0x0000000008006dc8       0xa0 c:/st/stm32cubeide_1.8.0/stm32cubeide/plugins/com.st.stm32cube.ide.mcu.externaltools.gnu-tools-for-stm32.9-2020-q2-update.win32_2.0.0.202105311346/tools/bin/../lib/gcc/arm-none-eabi/9.3.1/../../../../arm-none-eabi/lib/thumb/v7e-m+fp/hard\libc_nano.a(lib_a-nano-freer.o)
                0x0000000008006dc8                _free_r
 .text._malloc_r
                0x0000000008006e68       0xb4 c:/st/stm32cubeide_1.8.0/stm32cubeide/plugins/com.st.stm32cube.ide.mcu.externaltools.gnu-tools-for-stm32.9-2020-q2-update.win32_2.0.0.202105311346/tools/bin/../lib/gcc/arm-none-eabi/9.3.1/../../../../arm-none-eabi/lib/thumb/v7e-m+fp/hard\libc_nano.a(lib_a-nano-mallocr.o)
                0x0000000008006e68                _malloc_r
 .text._realloc_r
                0x0000000008006f1c       0x4c c:/st/stm32cubeide_1.8.0/stm32cubeide/plugins/com.st.stm32cube.ide.mcu.externaltools.gnu-tools-for-stm32.9-2020-q2-update.win32_2.0.0.202105311346/tools/bin/../lib/gcc/arm-none-eabi/9.3.1/../../../../arm-none-eabi/lib/thumb/v7e-m+fp/hard\libc_nano.a(lib_a-nano-reallocr.o)
                0x0000000008006f1c                _realloc_r
 .text._sbrk_r  0x0000000008006f68       0x20 c:/st/stm32cubeide_1.8.0/stm32cubeide/plugins/com.st.stm32cube.ide.mcu.externaltools.gnu-tools-for-stm32.9-2020-q2-update.win32_2.0.0.202105311346/tools/bin/../lib/gcc/arm-none-eabi/9.3.1/../../../../arm-none-eabi/lib/thumb/v7e-m+fp/hard\libc_nano.a(lib_a-sbrkr.o)
                0x0000000008006f68                _sbrk_r
 .text.__malloc_lock
                0x0000000008006f88        0xc c:/st/stm32cubeide_1.8.0/stm32cubeide/plugins/com.st.stm32cube.ide.mcu.externaltools.gnu-tools-for-stm32.9-2020-q2-update.win32_2.0.0.202105311346/tools/bin/../lib/gcc/arm-none-eabi/9.3.1/../../../../arm-none-eabi/lib/thumb/v7e-m+fp/hard\libc_nano.a(lib_a-mlock.o)
                0x0000000008006f88                __malloc_lock
 .text.__malloc_unlock
                0x0000000008006f94        0xc c:/st/stm32cubeide_1.8.0/stm32cubeide/plugins/com.st.stm32cube.ide.mcu.externaltools.gnu-tools-for-stm32.9-2020-q2-update.win32_2.0.0.202105311346/tools/bin/../lib/gcc/arm-none-eabi/9.3.1/../../../../arm-none-eabi/lib/thumb/v7e-m+fp/hard\libc_nano.a(lib_a-mlock.o)
                0x0000000008006f94                __malloc_unlock
 .text._malloc_usable_size_r
                0x0000000008006fa0       0x10 c:/st/stm32cubeide_1.8.0/stm32cubeide/plugins/com.st.stm32cube.ide.mcu.externaltools.gnu-tools-for-stm32.9-2020-q2-update.win32_2.0.0.202105311346/tools/bin/../lib/gcc/arm-none-eabi/9.3.1/../../../../arm-none-eabi/lib/thumb/v7e-m+fp/hard\libc_nano.a(lib_a-nano-msizer.o)
                0x0000000008006fa0                _malloc_usable_size_r
 .text.__retarget_lock_acquire_recursive
                0x0000000008006fb0        0x2 c:/st/stm32cubeide_1.8.0/stm32cubeide/plugins/com.st.stm32cube.ide.mcu.externaltools.gnu-tools-for-stm32.9-2020-q2-update.win32_2.0.0.202105311346/tools/bin/../lib/gcc/arm-none-eabi/9.3.1/../../../../arm-none-eabi/lib/thumb/v7e-m+fp/hard\libc_nano.a(lib_a-lock.o)
                0x0000000008006fb0                __retarget_lock_acquire_recursive
 .text.__retarget_lock_release_recursive
                0x0000000008006fb2        0x2 c:/st/stm32cubeide_1.8.0/stm32cubeide/plugins/com.st.stm32cube.ide.mcu.externaltools.gnu-tools-for-stm32.9-2020-q2-update.win32_2.0.0.202105311346/tools/bin/../lib/gcc/arm-none-eabi/9.3.1/../../../../arm-none-eabi/lib/thumb/v7e-m+fp/hard\libc_nano.a(lib_a-lock.o)
                0x0000000008006fb2                __retarget_lock_release_recursive
 *(.glue_7)
 .glue_7        0x0000000008006fb4        0x0 linker stubs
 *(.glue_7t)
 .glue_7t       0x0000000008006fb4        0x0 linker stubs
 *(.eh_frame)
 .eh_frame      0x0000000008006fb4        0x0 c:/st/stm32cubeide_1.8.0/stm32cubeide/plugins/com.st.stm32cube.ide.mcu.externaltools.gnu-tools-for-stm32.9-2020-q2-update.win32_2.0.0.202105311346/tools/bin/../lib/gcc/arm-none-eabi/9.3.1/thumb/v7e-m+fp/hard/crtbegin.o
 *(.init)
 .init          0x0000000008006fb4        0x4 c:/st/stm32cubeide_1.8.0/stm32cubeide/plugins/com.st.stm32cube.ide.mcu.externaltools.gnu-tools-for-stm32.9-2020-q2-update.win32_2.0.0.202105311346/tools/bin/../lib/gcc/arm-none-eabi/9.3.1/thumb/v7e-m+fp/hard/crti.o
                0x0000000008006fb4                _init
 .init          0x0000000008006fb8        0x8 c:/st/stm32cubeide_1.8.0/stm32cubeide/plugins/com.st.stm32cube.ide.mcu.externaltools.gnu-tools-for-stm32.9-2020-q2-update.win32_2.0.0.202105311346/tools/bin/../lib/gcc/arm-none-eabi/9.3.1/thumb/v7e-m+fp/hard/crtn.o
 *(.fini)
 .fini          0x0000000008006fc0        0x4 c:/st/stm32cubeide_1.8.0/stm32cubeide/plugins/com.st.stm32cube.ide.mcu.externaltools.gnu-tools-for-stm32.9-2020-q2-update.win32_2.0.0.202105311346/tools/bin/../lib/gcc/arm-none-eabi/9.3.1/thumb/v7e-m+fp/hard/crti.o
                0x0000000008006fc0                _fini
 .fini          0x0000000008006fc4        0x8 c:/st/stm32cubeide_1.8.0/stm32cubeide/plugins/com.st.stm32cube.ide.mcu.externaltools.gnu-tools-for-stm32.9-2020-q2-update.win32_2.0.0.202105311346/tools/bin/../lib/gcc/arm-none-eabi/9.3.1/thumb/v7e-m+fp/hard/crtn.o
                0x0000000008006fcc                . = ALIGN (0x4)
                0x0000000008006fcc                _etext = .

.vfp11_veneer   0x0000000008006fcc        0x0
 .vfp11_veneer  0x0000000008006fcc        0x0 linker stubs

.v4_bx          0x0000000008006fcc        0x0
 .v4_bx         0x0000000008006fcc        0x0 linker stubs

.iplt           0x0000000008006fcc        0x0
 .iplt          0x0000000008006fcc        0x0 c:/st/stm32cubeide_1.8.0/stm32cubeide/plugins/com.st.stm32cube.ide.mcu.externaltools.gnu-tools-for-stm32.9-2020-q2-update.win32_2.0.0.202105311346/tools/bin/../lib/gcc/arm-none-eabi/9.3.1/thumb/v7e-m+fp/hard/crtbegin.o

.rodata         0x0000000008006fcc      0x464
                0x0000000008006fcc                . = ALIGN (0x4)
 *(.rodata)
 .rodata        0x0000000008006fcc       0x61 ./Core/Src/main.o
 *fill*         0x000000000800702d        0x3 
 .rodata        0x0000000008007030      0x125 ./Core/Src/menu.o
 *fill*         0x0000000008007155        0x3 
 .rodata        0x0000000008007158        0xc ./Core/Src/menu_setting.o
 *(.rodata*)
 .rodata.FontData
                0x0000000008007164      0x280 ./Core/Src/VFD.o
                0x0000000008007164                FontData
 .rodata.AHBPrescTable
                0x00000000080073e4       0x10 ./Core/Src/system_stm32f4xx.o
                0x00000000080073e4                AHBPrescTable
 .rodata.APBPrescTable
                0x00000000080073f4        0x8 ./Core/Src/system_stm32f4xx.o
                0x00000000080073f4                APBPrescTable
 .rodata._svfprintf_r.str1.1
                0x00000000080073fc       0x11 c:/st/stm32cubeide_1.8.0/stm32cubeide/plugins/com.st.stm32cube.ide.mcu.externaltools.gnu-tools-for-stm32.9-2020-q2-update.win32_2.0.0.202105311346/tools/bin/../lib/gcc/arm-none-eabi/9.3.1/../../../../arm-none-eabi/lib/thumb/v7e-m+fp/hard\libc_nano.a(lib_a-nano-svfprintf.o)
 .rodata._printf_i.str1.1
                0x000000000800740d       0x22 c:/st/stm32cubeide_1.8.0/stm32cubeide/plugins/com.st.stm32cube.ide.mcu.externaltools.gnu-tools-for-stm32.9-2020-q2-update.win32_2.0.0.202105311346/tools/bin/../lib/gcc/arm-none-eabi/9.3.1/../../../../arm-none-eabi/lib/thumb/v7e-m+fp/hard\libc_nano.a(lib_a-nano-vfprintf_i.o)
                0x0000000008007430                . = ALIGN (0x4)
 *fill*         0x000000000800742f        0x1 

.ARM.extab      0x0000000008007430        0x0
                0x0000000008007430                . = ALIGN (0x4)
 *(.ARM.extab* .gnu.linkonce.armextab.*)
                0x0000000008007430                . = ALIGN (0x4)

.ARM            0x0000000008007430        0x8
                0x0000000008007430                . = ALIGN (0x4)
                0x0000000008007430                __exidx_start = .
 *(.ARM.exidx*)
 .ARM.exidx     0x0000000008007430        0x8 c:/st/stm32cubeide_1.8.0/stm32cubeide/plugins/com.st.stm32cube.ide.mcu.externaltools.gnu-tools-for-stm32.9-2020-q2-update.win32_2.0.0.202105311346/tools/bin/../lib/gcc/arm-none-eabi/9.3.1/thumb/v7e-m+fp/hard\libgcc.a(_udivmoddi4.o)
                0x0000000008007438                __exidx_end = .
                0x0000000008007438                . = ALIGN (0x4)

.rel.dyn        0x0000000008007438        0x0
 .rel.iplt      0x0000000008007438        0x0 c:/st/stm32cubeide_1.8.0/stm32cubeide/plugins/com.st.stm32cube.ide.mcu.externaltools.gnu-tools-for-stm32.9-2020-q2-update.win32_2.0.0.202105311346/tools/bin/../lib/gcc/arm-none-eabi/9.3.1/thumb/v7e-m+fp/hard/crtbegin.o

.preinit_array  0x0000000008007438        0x0
                0x0000000008007438                . = ALIGN (0x4)
                0x0000000008007438                PROVIDE (__preinit_array_start = .)
 *(.preinit_array*)
                0x0000000008007438                PROVIDE (__preinit_array_end = .)
                0x0000000008007438                . = ALIGN (0x4)

.init_array     0x0000000008007438        0x4
                0x0000000008007438                . = ALIGN (0x4)
                0x0000000008007438                PROVIDE (__init_array_start = .)
 *(SORT_BY_NAME(.init_array.*))
 *(.init_array*)
 .init_array    0x0000000008007438        0x4 c:/st/stm32cubeide_1.8.0/stm32cubeide/plugins/com.st.stm32cube.ide.mcu.externaltools.gnu-tools-for-stm32.9-2020-q2-update.win32_2.0.0.202105311346/tools/bin/../lib/gcc/arm-none-eabi/9.3.1/thumb/v7e-m+fp/hard/crtbegin.o
                0x000000000800743c                PROVIDE (__init_array_end = .)
                0x000000000800743c                . = ALIGN (0x4)

.fini_array     0x000000000800743c        0x4
                0x000000000800743c                . = ALIGN (0x4)
                [!provide]                        PROVIDE (__fini_array_start = .)
 *(SORT_BY_NAME(.fini_array.*))
 *(.fini_array*)
 .fini_array    0x000000000800743c        0x4 c:/st/stm32cubeide_1.8.0/stm32cubeide/plugins/com.st.stm32cube.ide.mcu.externaltools.gnu-tools-for-stm32.9-2020-q2-update.win32_2.0.0.202105311346/tools/bin/../lib/gcc/arm-none-eabi/9.3.1/thumb/v7e-m+fp/hard/crtbegin.o
                [!provide]                        PROVIDE (__fini_array_end = .)
                0x0000000008007440                . = ALIGN (0x4)
                0x0000000008007440                _sidata = LOADADDR (.data)

.data           0x0000000020000000       0x78 load address 0x0000000008007440
                0x0000000020000000                . = ALIGN (0x4)
                0x0000000020000000                _sdata = .
 *(.data)
 *(.data*)
 .data.InitialPWMValue
                0x0000000020000000        0x2 ./Core/Src/menu.o
                0x0000000020000000                InitialPWMValue
 .data.DCValue  0x0000000020000002        0x2 ./Core/Src/menu.o
                0x0000000020000002                DCValue
 .data.ServoValue
                0x0000000020000004        0x2 ./Core/Src/menu.o
                0x0000000020000004                ServoValue
 *fill*         0x0000000020000006        0x2 
 .data.SystemCoreClock
                0x0000000020000008        0x4 ./Core/Src/system_stm32f4xx.o
                0x0000000020000008                SystemCoreClock
 .data.uwTickPrio
                0x000000002000000c        0x4 ./Drivers/STM32F4xx_HAL_Driver/Src/stm32f4xx_hal.o
                0x000000002000000c                uwTickPrio
 .data.uwTickFreq
                0x0000000020000010        0x1 ./Drivers/STM32F4xx_HAL_Driver/Src/stm32f4xx_hal.o
                0x0000000020000010                uwTickFreq
 *fill*         0x0000000020000011        0x3 
 .data._impure_ptr
                0x0000000020000014        0x4 c:/st/stm32cubeide_1.8.0/stm32cubeide/plugins/com.st.stm32cube.ide.mcu.externaltools.gnu-tools-for-stm32.9-2020-q2-update.win32_2.0.0.202105311346/tools/bin/../lib/gcc/arm-none-eabi/9.3.1/../../../../arm-none-eabi/lib/thumb/v7e-m+fp/hard\libc_nano.a(lib_a-impure.o)
                0x0000000020000014                _impure_ptr
 .data.impure_data
                0x0000000020000018       0x60 c:/st/stm32cubeide_1.8.0/stm32cubeide/plugins/com.st.stm32cube.ide.mcu.externaltools.gnu-tools-for-stm32.9-2020-q2-update.win32_2.0.0.202105311346/tools/bin/../lib/gcc/arm-none-eabi/9.3.1/../../../../arm-none-eabi/lib/thumb/v7e-m+fp/hard\libc_nano.a(lib_a-impure.o)
 *(.RamFunc)
 *(.RamFunc*)
                0x0000000020000078                . = ALIGN (0x4)
                0x0000000020000078                _edata = .
                0x00000000080074b8                _siccmram = LOADADDR (.ccmram)

.igot.plt       0x0000000020000078        0x0 load address 0x00000000080074b8
 .igot.plt      0x0000000020000078        0x0 c:/st/stm32cubeide_1.8.0/stm32cubeide/plugins/com.st.stm32cube.ide.mcu.externaltools.gnu-tools-for-stm32.9-2020-q2-update.win32_2.0.0.202105311346/tools/bin/../lib/gcc/arm-none-eabi/9.3.1/thumb/v7e-m+fp/hard/crtbegin.o

.ccmram         0x0000000010000000        0x0 load address 0x00000000080074b8
                0x0000000010000000                . = ALIGN (0x4)
                0x0000000010000000                _sccmram = .
 *(.ccmram)
 *(.ccmram*)
                0x0000000010000000                . = ALIGN (0x4)
                0x0000000010000000                _eccmram = .
                0x0000000010000000                . = ALIGN (0x4)

.bss            0x0000000020000078     0x1460
                0x0000000020000078                _sbss = .
                0x0000000020000078                __bss_start__ = _sbss
 *(.bss)
 .bss           0x0000000020000078       0x1c c:/st/stm32cubeide_1.8.0/stm32cubeide/plugins/com.st.stm32cube.ide.mcu.externaltools.gnu-tools-for-stm32.9-2020-q2-update.win32_2.0.0.202105311346/tools/bin/../lib/gcc/arm-none-eabi/9.3.1/thumb/v7e-m+fp/hard/crtbegin.o
 *(.bss*)
 .bss.Buff.10576
                0x0000000020000094       0x80 ./Core/Src/SCI.o
 .bss.Buff.10578
                0x0000000020000114       0x14 ./Core/Src/VFD.o
 .bss.g_int32adc_cnt
                0x0000000020000128        0x4 ./Core/Src/sensor.o
 .bss.__sbrk_heap_end
                0x000000002000012c        0x4 ./Core/Src/sysmem.o
 .bss.__malloc_free_list
                0x0000000020000130        0x4 c:/st/stm32cubeide_1.8.0/stm32cubeide/plugins/com.st.stm32cube.ide.mcu.externaltools.gnu-tools-for-stm32.9-2020-q2-update.win32_2.0.0.202105311346/tools/bin/../lib/gcc/arm-none-eabi/9.3.1/../../../../arm-none-eabi/lib/thumb/v7e-m+fp/hard\libc_nano.a(lib_a-nano-mallocr.o)
                0x0000000020000130                __malloc_free_list
 .bss.__malloc_sbrk_start
                0x0000000020000134        0x4 c:/st/stm32cubeide_1.8.0/stm32cubeide/plugins/com.st.stm32cube.ide.mcu.externaltools.gnu-tools-for-stm32.9-2020-q2-update.win32_2.0.0.202105311346/tools/bin/../lib/gcc/arm-none-eabi/9.3.1/../../../../arm-none-eabi/lib/thumb/v7e-m+fp/hard\libc_nano.a(lib_a-nano-mallocr.o)
                0x0000000020000134                __malloc_sbrk_start
 *(COMMON)
 COMMON         0x0000000020000138     0x10c4 ./Core/Src/SCI.o
                0x0000000020000138                menuCnt
                0x000000002000013c                IC1
                0x0000000020000140                arrSwitch
                0x0000000020001130                SwitchCounter
                0x0000000020001134                SwitchListMax
                0x0000000020001138                ISRCounter
                0x000000002000113c                SwitchDownError
                0x0000000020001140                g_flag
                0x0000000020001144                g_int32sen_cnt
                0x0000000020001148                SwitchList
                0x000000002000114c                ir
                0x0000000020001158                SwitchCategory
                0x000000002000115c                ControlCnt
                0x0000000020001160                IC2
                0x0000000020001164                SwitchFunction
                0x0000000020001168                SwitchCategoryMax
                0x000000002000116c                motor
                0x00000000200011f8                SwitchFunctionMax
 COMMON         0x00000000200011fc      0x2c8 ./Core/Src/main.o
                0x00000000200011fc                htim8
                0x0000000020001244                htim10
                0x000000002000128c                htim3
                0x00000000200012d4                huart5
                0x0000000020001318                hadc1
                0x0000000020001360                htim6
                0x00000000200013a8                htim1
                0x00000000200013f0                huart4
                0x0000000020001434                htim2
                0x000000002000147c                htim7
 COMMON         0x00000000200014c4        0x4 ./Drivers/STM32F4xx_HAL_Driver/Src/stm32f4xx_hal.o
                0x00000000200014c4                uwTick
 COMMON         0x00000000200014c8        0x4 c:/st/stm32cubeide_1.8.0/stm32cubeide/plugins/com.st.stm32cube.ide.mcu.externaltools.gnu-tools-for-stm32.9-2020-q2-update.win32_2.0.0.202105311346/tools/bin/../lib/gcc/arm-none-eabi/9.3.1/../../../../arm-none-eabi/lib/thumb/v7e-m+fp/hard\libc_nano.a(lib_a-reent.o)
                0x00000000200014c8                errno
 COMMON         0x00000000200014cc        0x9 c:/st/stm32cubeide_1.8.0/stm32cubeide/plugins/com.st.stm32cube.ide.mcu.externaltools.gnu-tools-for-stm32.9-2020-q2-update.win32_2.0.0.202105311346/tools/bin/../lib/gcc/arm-none-eabi/9.3.1/../../../../arm-none-eabi/lib/thumb/v7e-m+fp/hard\libc_nano.a(lib_a-lock.o)
                0x00000000200014cc                __lock___atexit_recursive_mutex
                0x00000000200014cd                __lock___arc4random_mutex
                0x00000000200014ce                __lock___env_recursive_mutex
                0x00000000200014cf                __lock___sinit_recursive_mutex
                0x00000000200014d0                __lock___malloc_recursive_mutex
                0x00000000200014d1                __lock___at_quick_exit_mutex
                0x00000000200014d2                __lock___dd_hash_mutex
                0x00000000200014d3                __lock___tz_mutex
                0x00000000200014d4                __lock___sfp_recursive_mutex
                0x00000000200014d8                . = ALIGN (0x4)
 *fill*         0x00000000200014d5        0x3 
                0x00000000200014d8                _ebss = .
                0x00000000200014d8                __bss_end__ = _ebss

._user_heap_stack
                0x00000000200014d8      0x600
                0x00000000200014d8                . = ALIGN (0x8)
                [!provide]                        PROVIDE (end = .)
                0x00000000200014d8                PROVIDE (_end = .)
                0x00000000200016d8                . = (. + _Min_Heap_Size)
 *fill*         0x00000000200014d8      0x200 
                0x0000000020001ad8                . = (. + _Min_Stack_Size)
 *fill*         0x00000000200016d8      0x400 
                0x0000000020001ad8                . = ALIGN (0x8)

/DISCARD/
 libc.a(*)
 libm.a(*)
 libgcc.a(*)

.ARM.attributes
                0x0000000000000000       0x30
 *(.ARM.attributes)
 .ARM.attributes
                0x0000000000000000       0x1e c:/st/stm32cubeide_1.8.0/stm32cubeide/plugins/com.st.stm32cube.ide.mcu.externaltools.gnu-tools-for-stm32.9-2020-q2-update.win32_2.0.0.202105311346/tools/bin/../lib/gcc/arm-none-eabi/9.3.1/thumb/v7e-m+fp/hard/crti.o
 .ARM.attributes
                0x000000000000001e       0x34 c:/st/stm32cubeide_1.8.0/stm32cubeide/plugins/com.st.stm32cube.ide.mcu.externaltools.gnu-tools-for-stm32.9-2020-q2-update.win32_2.0.0.202105311346/tools/bin/../lib/gcc/arm-none-eabi/9.3.1/thumb/v7e-m+fp/hard/crtbegin.o
 .ARM.attributes
                0x0000000000000052       0x34 ./Core/Src/SCI.o
 .ARM.attributes
                0x0000000000000086       0x34 ./Core/Src/VFD.o
 .ARM.attributes
                0x00000000000000ba       0x34 ./Core/Src/main.o
 .ARM.attributes
                0x00000000000000ee       0x34 ./Core/Src/menu.o
 .ARM.attributes
                0x0000000000000122       0x34 ./Core/Src/menu_setting.o
 .ARM.attributes
                0x0000000000000156       0x34 ./Core/Src/motor.o
 .ARM.attributes
                0x000000000000018a       0x34 ./Core/Src/sensor.o
 .ARM.attributes
                0x00000000000001be       0x34 ./Core/Src/stm32f4xx_hal_msp.o
 .ARM.attributes
                0x00000000000001f2       0x34 ./Core/Src/stm32f4xx_it.o
 .ARM.attributes
                0x0000000000000226       0x34 ./Core/Src/sysmem.o
 .ARM.attributes
                0x000000000000025a       0x34 ./Core/Src/system_stm32f4xx.o
 .ARM.attributes
                0x000000000000028e       0x21 ./Core/Startup/startup_stm32f407vetx.o
 .ARM.attributes
                0x00000000000002af       0x34 ./Drivers/STM32F4xx_HAL_Driver/Src/stm32f4xx_hal.o
 .ARM.attributes
                0x00000000000002e3       0x34 ./Drivers/STM32F4xx_HAL_Driver/Src/stm32f4xx_hal_adc.o
 .ARM.attributes
                0x0000000000000317       0x34 ./Drivers/STM32F4xx_HAL_Driver/Src/stm32f4xx_hal_adc_ex.o
 .ARM.attributes
                0x000000000000034b       0x34 ./Drivers/STM32F4xx_HAL_Driver/Src/stm32f4xx_hal_cortex.o
 .ARM.attributes
                0x000000000000037f       0x34 ./Drivers/STM32F4xx_HAL_Driver/Src/stm32f4xx_hal_gpio.o
 .ARM.attributes
                0x00000000000003b3       0x34 ./Drivers/STM32F4xx_HAL_Driver/Src/stm32f4xx_hal_rcc.o
 .ARM.attributes
                0x00000000000003e7       0x34 ./Drivers/STM32F4xx_HAL_Driver/Src/stm32f4xx_hal_tim.o
 .ARM.attributes
                0x000000000000041b       0x34 ./Drivers/STM32F4xx_HAL_Driver/Src/stm32f4xx_hal_tim_ex.o
 .ARM.attributes
                0x000000000000044f       0x34 ./Drivers/STM32F4xx_HAL_Driver/Src/stm32f4xx_hal_uart.o
 .ARM.attributes
                0x0000000000000483       0x34 c:/st/stm32cubeide_1.8.0/stm32cubeide/plugins/com.st.stm32cube.ide.mcu.externaltools.gnu-tools-for-stm32.9-2020-q2-update.win32_2.0.0.202105311346/tools/bin/../lib/gcc/arm-none-eabi/9.3.1/../../../../arm-none-eabi/lib/thumb/v7e-m+fp/hard\libc_nano.a(lib_a-errno.o)
 .ARM.attributes
                0x00000000000004b7       0x32 c:/st/stm32cubeide_1.8.0/stm32cubeide/plugins/com.st.stm32cube.ide.mcu.externaltools.gnu-tools-for-stm32.9-2020-q2-update.win32_2.0.0.202105311346/tools/bin/../lib/gcc/arm-none-eabi/9.3.1/../../../../arm-none-eabi/lib/thumb/v7e-m+fp/hard\libc_nano.a(lib_a-impure.o)
 .ARM.attributes
                0x00000000000004e9       0x34 c:/st/stm32cubeide_1.8.0/stm32cubeide/plugins/com.st.stm32cube.ide.mcu.externaltools.gnu-tools-for-stm32.9-2020-q2-update.win32_2.0.0.202105311346/tools/bin/../lib/gcc/arm-none-eabi/9.3.1/../../../../arm-none-eabi/lib/thumb/v7e-m+fp/hard\libc_nano.a(lib_a-init.o)
 .ARM.attributes
                0x000000000000051d       0x34 c:/st/stm32cubeide_1.8.0/stm32cubeide/plugins/com.st.stm32cube.ide.mcu.externaltools.gnu-tools-for-stm32.9-2020-q2-update.win32_2.0.0.202105311346/tools/bin/../lib/gcc/arm-none-eabi/9.3.1/../../../../arm-none-eabi/lib/thumb/v7e-m+fp/hard\libc_nano.a(lib_a-memset.o)
 .ARM.attributes
                0x0000000000000551       0x34 c:/st/stm32cubeide_1.8.0/stm32cubeide/plugins/com.st.stm32cube.ide.mcu.externaltools.gnu-tools-for-stm32.9-2020-q2-update.win32_2.0.0.202105311346/tools/bin/../lib/gcc/arm-none-eabi/9.3.1/../../../../arm-none-eabi/lib/thumb/v7e-m+fp/hard\libc_nano.a(lib_a-vsprintf.o)
 .ARM.attributes
                0x0000000000000585       0x34 c:/st/stm32cubeide_1.8.0/stm32cubeide/plugins/com.st.stm32cube.ide.mcu.externaltools.gnu-tools-for-stm32.9-2020-q2-update.win32_2.0.0.202105311346/tools/bin/../lib/gcc/arm-none-eabi/9.3.1/../../../../arm-none-eabi/lib/thumb/v7e-m+fp/hard\libc_nano.a(lib_a-nano-svfprintf.o)
 .ARM.attributes
                0x00000000000005b9       0x34 c:/st/stm32cubeide_1.8.0/stm32cubeide/plugins/com.st.stm32cube.ide.mcu.externaltools.gnu-tools-for-stm32.9-2020-q2-update.win32_2.0.0.202105311346/tools/bin/../lib/gcc/arm-none-eabi/9.3.1/../../../../arm-none-eabi/lib/thumb/v7e-m+fp/hard\libc_nano.a(lib_a-nano-vfprintf_i.o)
 .ARM.attributes
                0x00000000000005ed       0x1c c:/st/stm32cubeide_1.8.0/stm32cubeide/plugins/com.st.stm32cube.ide.mcu.externaltools.gnu-tools-for-stm32.9-2020-q2-update.win32_2.0.0.202105311346/tools/bin/../lib/gcc/arm-none-eabi/9.3.1/../../../../arm-none-eabi/lib/thumb/v7e-m+fp/hard\libc_nano.a(lib_a-memchr.o)
 .ARM.attributes
                0x0000000000000609       0x34 c:/st/stm32cubeide_1.8.0/stm32cubeide/plugins/com.st.stm32cube.ide.mcu.externaltools.gnu-tools-for-stm32.9-2020-q2-update.win32_2.0.0.202105311346/tools/bin/../lib/gcc/arm-none-eabi/9.3.1/../../../../arm-none-eabi/lib/thumb/v7e-m+fp/hard\libc_nano.a(lib_a-memcpy-stub.o)
 .ARM.attributes
                0x000000000000063d       0x34 c:/st/stm32cubeide_1.8.0/stm32cubeide/plugins/com.st.stm32cube.ide.mcu.externaltools.gnu-tools-for-stm32.9-2020-q2-update.win32_2.0.0.202105311346/tools/bin/../lib/gcc/arm-none-eabi/9.3.1/../../../../arm-none-eabi/lib/thumb/v7e-m+fp/hard\libc_nano.a(lib_a-memmove.o)
 .ARM.attributes
                0x0000000000000671       0x34 c:/st/stm32cubeide_1.8.0/stm32cubeide/plugins/com.st.stm32cube.ide.mcu.externaltools.gnu-tools-for-stm32.9-2020-q2-update.win32_2.0.0.202105311346/tools/bin/../lib/gcc/arm-none-eabi/9.3.1/../../../../arm-none-eabi/lib/thumb/v7e-m+fp/hard\libc_nano.a(lib_a-nano-freer.o)
 .ARM.attributes
                0x00000000000006a5       0x34 c:/st/stm32cubeide_1.8.0/stm32cubeide/plugins/com.st.stm32cube.ide.mcu.externaltools.gnu-tools-for-stm32.9-2020-q2-update.win32_2.0.0.202105311346/tools/bin/../lib/gcc/arm-none-eabi/9.3.1/../../../../arm-none-eabi/lib/thumb/v7e-m+fp/hard\libc_nano.a(lib_a-nano-mallocr.o)
 .ARM.attributes
                0x00000000000006d9       0x34 c:/st/stm32cubeide_1.8.0/stm32cubeide/plugins/com.st.stm32cube.ide.mcu.externaltools.gnu-tools-for-stm32.9-2020-q2-update.win32_2.0.0.202105311346/tools/bin/../lib/gcc/arm-none-eabi/9.3.1/../../../../arm-none-eabi/lib/thumb/v7e-m+fp/hard\libc_nano.a(lib_a-nano-reallocr.o)
 .ARM.attributes
                0x000000000000070d       0x34 c:/st/stm32cubeide_1.8.0/stm32cubeide/plugins/com.st.stm32cube.ide.mcu.externaltools.gnu-tools-for-stm32.9-2020-q2-update.win32_2.0.0.202105311346/tools/bin/../lib/gcc/arm-none-eabi/9.3.1/../../../../arm-none-eabi/lib/thumb/v7e-m+fp/hard\libc_nano.a(lib_a-sbrkr.o)
 .ARM.attributes
                0x0000000000000741       0x34 c:/st/stm32cubeide_1.8.0/stm32cubeide/plugins/com.st.stm32cube.ide.mcu.externaltools.gnu-tools-for-stm32.9-2020-q2-update.win32_2.0.0.202105311346/tools/bin/../lib/gcc/arm-none-eabi/9.3.1/../../../../arm-none-eabi/lib/thumb/v7e-m+fp/hard\libc_nano.a(lib_a-mlock.o)
 .ARM.attributes
                0x0000000000000775       0x34 c:/st/stm32cubeide_1.8.0/stm32cubeide/plugins/com.st.stm32cube.ide.mcu.externaltools.gnu-tools-for-stm32.9-2020-q2-update.win32_2.0.0.202105311346/tools/bin/../lib/gcc/arm-none-eabi/9.3.1/../../../../arm-none-eabi/lib/thumb/v7e-m+fp/hard\libc_nano.a(lib_a-nano-msizer.o)
 .ARM.attributes
                0x00000000000007a9       0x34 c:/st/stm32cubeide_1.8.0/stm32cubeide/plugins/com.st.stm32cube.ide.mcu.externaltools.gnu-tools-for-stm32.9-2020-q2-update.win32_2.0.0.202105311346/tools/bin/../lib/gcc/arm-none-eabi/9.3.1/../../../../arm-none-eabi/lib/thumb/v7e-m+fp/hard\libc_nano.a(lib_a-reent.o)
 .ARM.attributes
                0x00000000000007dd       0x34 c:/st/stm32cubeide_1.8.0/stm32cubeide/plugins/com.st.stm32cube.ide.mcu.externaltools.gnu-tools-for-stm32.9-2020-q2-update.win32_2.0.0.202105311346/tools/bin/../lib/gcc/arm-none-eabi/9.3.1/../../../../arm-none-eabi/lib/thumb/v7e-m+fp/hard\libc_nano.a(lib_a-lock.o)
 .ARM.attributes
                0x0000000000000811       0x1e c:/st/stm32cubeide_1.8.0/stm32cubeide/plugins/com.st.stm32cube.ide.mcu.externaltools.gnu-tools-for-stm32.9-2020-q2-update.win32_2.0.0.202105311346/tools/bin/../lib/gcc/arm-none-eabi/9.3.1/thumb/v7e-m+fp/hard\libgcc.a(_arm_muldf3.o)
 .ARM.attributes
                0x000000000000082f       0x1e c:/st/stm32cubeide_1.8.0/stm32cubeide/plugins/com.st.stm32cube.ide.mcu.externaltools.gnu-tools-for-stm32.9-2020-q2-update.win32_2.0.0.202105311346/tools/bin/../lib/gcc/arm-none-eabi/9.3.1/thumb/v7e-m+fp/hard\libgcc.a(_arm_addsubdf3.o)
 .ARM.attributes
                0x000000000000084d       0x1e c:/st/stm32cubeide_1.8.0/stm32cubeide/plugins/com.st.stm32cube.ide.mcu.externaltools.gnu-tools-for-stm32.9-2020-q2-update.win32_2.0.0.202105311346/tools/bin/../lib/gcc/arm-none-eabi/9.3.1/thumb/v7e-m+fp/hard\libgcc.a(_arm_fixunsdfsi.o)
 .ARM.attributes
                0x000000000000086b       0x1e c:/st/stm32cubeide_1.8.0/stm32cubeide/plugins/com.st.stm32cube.ide.mcu.externaltools.gnu-tools-for-stm32.9-2020-q2-update.win32_2.0.0.202105311346/tools/bin/../lib/gcc/arm-none-eabi/9.3.1/thumb/v7e-m+fp/hard\libgcc.a(_arm_truncdfsf2.o)
 .ARM.attributes
                0x0000000000000889       0x1e c:/st/stm32cubeide_1.8.0/stm32cubeide/plugins/com.st.stm32cube.ide.mcu.externaltools.gnu-tools-for-stm32.9-2020-q2-update.win32_2.0.0.202105311346/tools/bin/../lib/gcc/arm-none-eabi/9.3.1/thumb/v7e-m+fp/hard\libgcc.a(_aeabi_uldivmod.o)
 .ARM.attributes
                0x00000000000008a7       0x34 c:/st/stm32cubeide_1.8.0/stm32cubeide/plugins/com.st.stm32cube.ide.mcu.externaltools.gnu-tools-for-stm32.9-2020-q2-update.win32_2.0.0.202105311346/tools/bin/../lib/gcc/arm-none-eabi/9.3.1/thumb/v7e-m+fp/hard\libgcc.a(_udivmoddi4.o)
 .ARM.attributes
                0x00000000000008db       0x1e c:/st/stm32cubeide_1.8.0/stm32cubeide/plugins/com.st.stm32cube.ide.mcu.externaltools.gnu-tools-for-stm32.9-2020-q2-update.win32_2.0.0.202105311346/tools/bin/../lib/gcc/arm-none-eabi/9.3.1/thumb/v7e-m+fp/hard\libgcc.a(_dvmd_tls.o)
 .ARM.attributes
                0x00000000000008f9       0x1e c:/st/stm32cubeide_1.8.0/stm32cubeide/plugins/com.st.stm32cube.ide.mcu.externaltools.gnu-tools-for-stm32.9-2020-q2-update.win32_2.0.0.202105311346/tools/bin/../lib/gcc/arm-none-eabi/9.3.1/thumb/v7e-m+fp/hard/crtn.o
OUTPUT(STM32M4.elf elf32-littlearm)
LOAD linker stubs
LOAD c:/st/stm32cubeide_1.8.0/stm32cubeide/plugins/com.st.stm32cube.ide.mcu.externaltools.gnu-tools-for-stm32.9-2020-q2-update.win32_2.0.0.202105311346/tools/bin/../lib/gcc/arm-none-eabi/9.3.1/../../../../arm-none-eabi/lib/thumb/v7e-m+fp/hard\libc.a
LOAD c:/st/stm32cubeide_1.8.0/stm32cubeide/plugins/com.st.stm32cube.ide.mcu.externaltools.gnu-tools-for-stm32.9-2020-q2-update.win32_2.0.0.202105311346/tools/bin/../lib/gcc/arm-none-eabi/9.3.1/../../../../arm-none-eabi/lib/thumb/v7e-m+fp/hard\libm.a
LOAD c:/st/stm32cubeide_1.8.0/stm32cubeide/plugins/com.st.stm32cube.ide.mcu.externaltools.gnu-tools-for-stm32.9-2020-q2-update.win32_2.0.0.202105311346/tools/bin/../lib/gcc/arm-none-eabi/9.3.1/thumb/v7e-m+fp/hard\libgcc.a

.debug_info     0x0000000000000000    0x1ca42
 .debug_info    0x0000000000000000     0x1a1e ./Core/Src/SCI.o
 .debug_info    0x0000000000001a1e     0x1b40 ./Core/Src/VFD.o
 .debug_info    0x000000000000355e     0x24c0 ./Core/Src/main.o
 .debug_info    0x0000000000005a1e     0x1d15 ./Core/Src/menu.o
 .debug_info    0x0000000000007733     0x1a37 ./Core/Src/menu_setting.o
 .debug_info    0x000000000000916a     0x1ae9 ./Core/Src/motor.o
 .debug_info    0x000000000000ac53     0x1992 ./Core/Src/sensor.o
 .debug_info    0x000000000000c5e5     0x2288 ./Core/Src/stm32f4xx_hal_msp.o
 .debug_info    0x000000000000e86d     0x1a0d ./Core/Src/stm32f4xx_it.o
 .debug_info    0x000000000001027a      0xa25 ./Core/Src/sysmem.o
 .debug_info    0x0000000000010c9f      0x5a4 ./Core/Src/system_stm32f4xx.o
 .debug_info    0x0000000000011243       0x22 ./Core/Startup/startup_stm32f407vetx.o
 .debug_info    0x0000000000011265      0x9b2 ./Drivers/STM32F4xx_HAL_Driver/Src/stm32f4xx_hal.o
 .debug_info    0x0000000000011c17      0xdbc ./Drivers/STM32F4xx_HAL_Driver/Src/stm32f4xx_hal_adc.o
 .debug_info    0x00000000000129d3      0xc22 ./Drivers/STM32F4xx_HAL_Driver/Src/stm32f4xx_hal_adc_ex.o
 .debug_info    0x00000000000135f5      0xed7 ./Drivers/STM32F4xx_HAL_Driver/Src/stm32f4xx_hal_cortex.o
 .debug_info    0x00000000000144cc      0x83e ./Drivers/STM32F4xx_HAL_Driver/Src/stm32f4xx_hal_gpio.o
 .debug_info    0x0000000000014d0a      0x996 ./Drivers/STM32F4xx_HAL_Driver/Src/stm32f4xx_hal_rcc.o
 .debug_info    0x00000000000156a0     0x2c22 ./Drivers/STM32F4xx_HAL_Driver/Src/stm32f4xx_hal_tim.o
 .debug_info    0x00000000000182c2     0x15a2 ./Drivers/STM32F4xx_HAL_Driver/Src/stm32f4xx_hal_tim_ex.o
 .debug_info    0x0000000000019864     0x31de ./Drivers/STM32F4xx_HAL_Driver/Src/stm32f4xx_hal_uart.o

.debug_abbrev   0x0000000000000000     0x3216
 .debug_abbrev  0x0000000000000000      0x2d3 ./Core/Src/SCI.o
 .debug_abbrev  0x00000000000002d3      0x2da ./Core/Src/VFD.o
 .debug_abbrev  0x00000000000005ad      0x341 ./Core/Src/main.o
 .debug_abbrev  0x00000000000008ee      0x31d ./Core/Src/menu.o
 .debug_abbrev  0x0000000000000c0b      0x277 ./Core/Src/menu_setting.o
 .debug_abbrev  0x0000000000000e82      0x2c2 ./Core/Src/motor.o
 .debug_abbrev  0x0000000000001144      0x275 ./Core/Src/sensor.o
 .debug_abbrev  0x00000000000013b9      0x31b ./Core/Src/stm32f4xx_hal_msp.o
 .debug_abbrev  0x00000000000016d4      0x275 ./Core/Src/stm32f4xx_it.o
 .debug_abbrev  0x0000000000001949      0x1bf ./Core/Src/sysmem.o
 .debug_abbrev  0x0000000000001b08      0x145 ./Core/Src/system_stm32f4xx.o
 .debug_abbrev  0x0000000000001c4d       0x12 ./Core/Startup/startup_stm32f407vetx.o
 .debug_abbrev  0x0000000000001c5f      0x1ed ./Drivers/STM32F4xx_HAL_Driver/Src/stm32f4xx_hal.o
 .debug_abbrev  0x0000000000001e4c      0x22f ./Drivers/STM32F4xx_HAL_Driver/Src/stm32f4xx_hal_adc.o
 .debug_abbrev  0x000000000000207b      0x24a ./Drivers/STM32F4xx_HAL_Driver/Src/stm32f4xx_hal_adc_ex.o
 .debug_abbrev  0x00000000000022c5      0x33c ./Drivers/STM32F4xx_HAL_Driver/Src/stm32f4xx_hal_cortex.o
 .debug_abbrev  0x0000000000002601      0x1f1 ./Drivers/STM32F4xx_HAL_Driver/Src/stm32f4xx_hal_gpio.o
 .debug_abbrev  0x00000000000027f2      0x275 ./Drivers/STM32F4xx_HAL_Driver/Src/stm32f4xx_hal_rcc.o
 .debug_abbrev  0x0000000000002a67      0x25e ./Drivers/STM32F4xx_HAL_Driver/Src/stm32f4xx_hal_tim.o
 .debug_abbrev  0x0000000000002cc5      0x266 ./Drivers/STM32F4xx_HAL_Driver/Src/stm32f4xx_hal_tim_ex.o
 .debug_abbrev  0x0000000000002f2b      0x2eb ./Drivers/STM32F4xx_HAL_Driver/Src/stm32f4xx_hal_uart.o

.debug_aranges  0x0000000000000000      0xfb0
 .debug_aranges
                0x0000000000000000       0x38 ./Core/Src/SCI.o
 .debug_aranges
                0x0000000000000038       0x38 ./Core/Src/VFD.o
 .debug_aranges
                0x0000000000000070       0x98 ./Core/Src/main.o
 .debug_aranges
                0x0000000000000108      0x128 ./Core/Src/menu.o
 .debug_aranges
                0x0000000000000230       0x28 ./Core/Src/menu_setting.o
 .debug_aranges
                0x0000000000000258       0x30 ./Core/Src/motor.o
 .debug_aranges
                0x0000000000000288       0x30 ./Core/Src/sensor.o
 .debug_aranges
                0x00000000000002b8       0x78 ./Core/Src/stm32f4xx_hal_msp.o
 .debug_aranges
                0x0000000000000330       0x78 ./Core/Src/stm32f4xx_it.o
 .debug_aranges
                0x00000000000003a8       0x20 ./Core/Src/sysmem.o
 .debug_aranges
                0x00000000000003c8       0x28 ./Core/Src/system_stm32f4xx.o
 .debug_aranges
                0x00000000000003f0       0x28 ./Core/Startup/startup_stm32f407vetx.o
 .debug_aranges
                0x0000000000000418       0xf0 ./Drivers/STM32F4xx_HAL_Driver/Src/stm32f4xx_hal.o
 .debug_aranges
                0x0000000000000508       0xe8 ./Drivers/STM32F4xx_HAL_Driver/Src/stm32f4xx_hal_adc.o
 .debug_aranges
                0x00000000000005f0       0x90 ./Drivers/STM32F4xx_HAL_Driver/Src/stm32f4xx_hal_adc_ex.o
 .debug_aranges
                0x0000000000000680      0x118 ./Drivers/STM32F4xx_HAL_Driver/Src/stm32f4xx_hal_cortex.o
 .debug_aranges
                0x0000000000000798       0x58 ./Drivers/STM32F4xx_HAL_Driver/Src/stm32f4xx_hal_gpio.o
 .debug_aranges
                0x00000000000007f0       0x88 ./Drivers/STM32F4xx_HAL_Driver/Src/stm32f4xx_hal_rcc.o
 .debug_aranges
                0x0000000000000878      0x3d0 ./Drivers/STM32F4xx_HAL_Driver/Src/stm32f4xx_hal_tim.o
 .debug_aranges
                0x0000000000000c48      0x168 ./Drivers/STM32F4xx_HAL_Driver/Src/stm32f4xx_hal_tim_ex.o
 .debug_aranges
                0x0000000000000db0      0x200 ./Drivers/STM32F4xx_HAL_Driver/Src/stm32f4xx_hal_uart.o

.debug_ranges   0x0000000000000000      0xe98
 .debug_ranges  0x0000000000000000       0x28 ./Core/Src/SCI.o
 .debug_ranges  0x0000000000000028       0x28 ./Core/Src/VFD.o
 .debug_ranges  0x0000000000000050       0x88 ./Core/Src/main.o
 .debug_ranges  0x00000000000000d8      0x118 ./Core/Src/menu.o
 .debug_ranges  0x00000000000001f0       0x18 ./Core/Src/menu_setting.o
 .debug_ranges  0x0000000000000208       0x20 ./Core/Src/motor.o
 .debug_ranges  0x0000000000000228       0x20 ./Core/Src/sensor.o
 .debug_ranges  0x0000000000000248       0x68 ./Core/Src/stm32f4xx_hal_msp.o
 .debug_ranges  0x00000000000002b0       0x68 ./Core/Src/stm32f4xx_it.o
 .debug_ranges  0x0000000000000318       0x10 ./Core/Src/sysmem.o
 .debug_ranges  0x0000000000000328       0x18 ./Core/Src/system_stm32f4xx.o
 .debug_ranges  0x0000000000000340       0x20 ./Core/Startup/startup_stm32f407vetx.o
 .debug_ranges  0x0000000000000360       0xe0 ./Drivers/STM32F4xx_HAL_Driver/Src/stm32f4xx_hal.o
 .debug_ranges  0x0000000000000440       0xd8 ./Drivers/STM32F4xx_HAL_Driver/Src/stm32f4xx_hal_adc.o
 .debug_ranges  0x0000000000000518       0x80 ./Drivers/STM32F4xx_HAL_Driver/Src/stm32f4xx_hal_adc_ex.o
 .debug_ranges  0x0000000000000598      0x108 ./Drivers/STM32F4xx_HAL_Driver/Src/stm32f4xx_hal_cortex.o
 .debug_ranges  0x00000000000006a0       0x48 ./Drivers/STM32F4xx_HAL_Driver/Src/stm32f4xx_hal_gpio.o
 .debug_ranges  0x00000000000006e8       0x78 ./Drivers/STM32F4xx_HAL_Driver/Src/stm32f4xx_hal_rcc.o
 .debug_ranges  0x0000000000000760      0x3c0 ./Drivers/STM32F4xx_HAL_Driver/Src/stm32f4xx_hal_tim.o
 .debug_ranges  0x0000000000000b20      0x158 ./Drivers/STM32F4xx_HAL_Driver/Src/stm32f4xx_hal_tim_ex.o
 .debug_ranges  0x0000000000000c78      0x220 ./Drivers/STM32F4xx_HAL_Driver/Src/stm32f4xx_hal_uart.o

.debug_macro    0x0000000000000000    0x24763
 .debug_macro   0x0000000000000000      0x43c ./Core/Src/SCI.o
 .debug_macro   0x000000000000043c      0xaa8 ./Core/Src/SCI.o
 .debug_macro   0x0000000000000ee4       0x16 ./Core/Src/SCI.o
 .debug_macro   0x0000000000000efa      0x2a2 ./Core/Src/SCI.o
 .debug_macro   0x000000000000119c       0x2e ./Core/Src/SCI.o
 .debug_macro   0x00000000000011ca       0x2f ./Core/Src/SCI.o
 .debug_macro   0x00000000000011f9       0x22 ./Core/Src/SCI.o
 .debug_macro   0x000000000000121b       0x8e ./Core/Src/SCI.o
 .debug_macro   0x00000000000012a9       0x51 ./Core/Src/SCI.o
 .debug_macro   0x00000000000012fa      0x103 ./Core/Src/SCI.o
 .debug_macro   0x00000000000013fd       0x6a ./Core/Src/SCI.o
 .debug_macro   0x0000000000001467      0x1df ./Core/Src/SCI.o
 .debug_macro   0x0000000000001646       0x1c ./Core/Src/SCI.o
 .debug_macro   0x0000000000001662       0x22 ./Core/Src/SCI.o
 .debug_macro   0x0000000000001684       0xdf ./Core/Src/SCI.o
 .debug_macro   0x0000000000001763     0x102d ./Core/Src/SCI.o
 .debug_macro   0x0000000000002790      0x11f ./Core/Src/SCI.o
 .debug_macro   0x00000000000028af    0x15e58 ./Core/Src/SCI.o
 .debug_macro   0x0000000000018707       0x6d ./Core/Src/SCI.o
 .debug_macro   0x0000000000018774     0x3666 ./Core/Src/SCI.o
 .debug_macro   0x000000000001bdda      0x174 ./Core/Src/SCI.o
 .debug_macro   0x000000000001bf4e       0x5c ./Core/Src/SCI.o
 .debug_macro   0x000000000001bfaa      0x96b ./Core/Src/SCI.o
 .debug_macro   0x000000000001c915      0x9fe ./Core/Src/SCI.o
 .debug_macro   0x000000000001d313      0x116 ./Core/Src/SCI.o
 .debug_macro   0x000000000001d429      0x13e ./Core/Src/SCI.o
 .debug_macro   0x000000000001d567       0xa5 ./Core/Src/SCI.o
 .debug_macro   0x000000000001d60c      0x174 ./Core/Src/SCI.o
 .debug_macro   0x000000000001d780      0x287 ./Core/Src/SCI.o
 .debug_macro   0x000000000001da07       0x5f ./Core/Src/SCI.o
 .debug_macro   0x000000000001da66      0x236 ./Core/Src/SCI.o
 .debug_macro   0x000000000001dc9c      0xb5b ./Core/Src/SCI.o
 .debug_macro   0x000000000001e7f7      0x38b ./Core/Src/SCI.o
 .debug_macro   0x000000000001eb82      0x176 ./Core/Src/SCI.o
 .debug_macro   0x000000000001ecf8       0xf9 ./Core/Src/SCI.o
 .debug_macro   0x000000000001edf1      0x12c ./Core/Src/SCI.o
 .debug_macro   0x000000000001ef1d      0x21e ./Core/Src/SCI.o
 .debug_macro   0x000000000001f13b       0x2e ./Core/Src/SCI.o
 .debug_macro   0x000000000001f169      0x11a ./Core/Src/SCI.o
 .debug_macro   0x000000000001f283       0x7e ./Core/Src/SCI.o
 .debug_macro   0x000000000001f301       0x89 ./Core/Src/SCI.o
 .debug_macro   0x000000000001f38a      0x8d1 ./Core/Src/SCI.o
 .debug_macro   0x000000000001fc5b       0x47 ./Core/Src/SCI.o
 .debug_macro   0x000000000001fca2      0x295 ./Core/Src/SCI.o
 .debug_macro   0x000000000001ff37      0x12d ./Core/Src/SCI.o
 .debug_macro   0x0000000000020064       0xd0 ./Core/Src/SCI.o
 .debug_macro   0x0000000000020134       0x16 ./Core/Src/SCI.o
 .debug_macro   0x000000000002014a       0x2e ./Core/Src/SCI.o
 .debug_macro   0x0000000000020178       0x46 ./Core/Src/SCI.o
 .debug_macro   0x00000000000201be       0x1c ./Core/Src/SCI.o
 .debug_macro   0x00000000000201da       0x52 ./Core/Src/SCI.o
 .debug_macro   0x000000000002022c       0x18 ./Core/Src/SCI.o
 .debug_macro   0x0000000000020244       0x3c ./Core/Src/SCI.o
 .debug_macro   0x0000000000020280       0x34 ./Core/Src/SCI.o
 .debug_macro   0x00000000000202b4       0x16 ./Core/Src/SCI.o
 .debug_macro   0x00000000000202ca       0x35 ./Core/Src/SCI.o
 .debug_macro   0x00000000000202ff      0x333 ./Core/Src/SCI.o
 .debug_macro   0x0000000000020632       0x10 ./Core/Src/SCI.o
 .debug_macro   0x0000000000020642       0x16 ./Core/Src/SCI.o
 .debug_macro   0x0000000000020658       0x43 ./Core/Src/SCI.o
 .debug_macro   0x000000000002069b       0x34 ./Core/Src/SCI.o
 .debug_macro   0x00000000000206cf       0x10 ./Core/Src/SCI.o
 .debug_macro   0x00000000000206df       0x58 ./Core/Src/SCI.o
 .debug_macro   0x0000000000020737       0x71 ./Core/Src/SCI.o
 .debug_macro   0x00000000000207a8       0x1c ./Core/Src/SCI.o
 .debug_macro   0x00000000000207c4      0x12a ./Core/Src/SCI.o
 .debug_macro   0x00000000000208ee       0x10 ./Core/Src/SCI.o
 .debug_macro   0x00000000000208fe       0x1c ./Core/Src/SCI.o
 .debug_macro   0x000000000002091a       0x52 ./Core/Src/SCI.o
 .debug_macro   0x000000000002096c       0x22 ./Core/Src/SCI.o
 .debug_macro   0x000000000002098e       0x10 ./Core/Src/SCI.o
 .debug_macro   0x000000000002099e       0x40 ./Core/Src/SCI.o
 .debug_macro   0x00000000000209de       0xd5 ./Core/Src/SCI.o
 .debug_macro   0x0000000000020ab3       0x1c ./Core/Src/SCI.o
 .debug_macro   0x0000000000020acf       0x3d ./Core/Src/SCI.o
 .debug_macro   0x0000000000020b0c       0x16 ./Core/Src/SCI.o
 .debug_macro   0x0000000000020b22      0x145 ./Core/Src/SCI.o
 .debug_macro   0x0000000000020c67       0x16 ./Core/Src/SCI.o
 .debug_macro   0x0000000000020c7d       0x16 ./Core/Src/SCI.o
 .debug_macro   0x0000000000020c93       0x29 ./Core/Src/SCI.o
 .debug_macro   0x0000000000020cbc       0x4c ./Core/Src/SCI.o
 .debug_macro   0x0000000000020d08       0x16 ./Core/Src/SCI.o
 .debug_macro   0x0000000000020d1e       0x20 ./Core/Src/SCI.o
 .debug_macro   0x0000000000020d3e      0x442 ./Core/Src/VFD.o
 .debug_macro   0x0000000000021180       0x40 ./Core/Src/VFD.o
 .debug_macro   0x00000000000211c0      0x43c ./Core/Src/main.o
 .debug_macro   0x00000000000215fc      0x44e ./Core/Src/menu.o
 .debug_macro   0x0000000000021a4a       0x28 ./Core/Src/menu.o
 .debug_macro   0x0000000000021a72      0x43c ./Core/Src/menu_setting.o
 .debug_macro   0x0000000000021eae      0x460 ./Core/Src/motor.o
 .debug_macro   0x000000000002230e      0x45a ./Core/Src/sensor.o
 .debug_macro   0x0000000000022768       0x16 ./Core/Src/sensor.o
 .debug_macro   0x000000000002277e      0x43c ./Core/Src/stm32f4xx_hal_msp.o
 .debug_macro   0x0000000000022bba      0x446 ./Core/Src/stm32f4xx_it.o
 .debug_macro   0x0000000000023000       0xff ./Core/Src/sysmem.o
 .debug_macro   0x00000000000230ff      0x23b ./Core/Src/sysmem.o
 .debug_macro   0x000000000002333a      0x1f6 ./Core/Src/system_stm32f4xx.o
 .debug_macro   0x0000000000023530      0x256 ./Drivers/STM32F4xx_HAL_Driver/Src/stm32f4xx_hal.o
 .debug_macro   0x0000000000023786      0x1f7 ./Drivers/STM32F4xx_HAL_Driver/Src/stm32f4xx_hal_adc.o
 .debug_macro   0x000000000002397d      0x1f6 ./Drivers/STM32F4xx_HAL_Driver/Src/stm32f4xx_hal_adc_ex.o
 .debug_macro   0x0000000000023b73      0x1f6 ./Drivers/STM32F4xx_HAL_Driver/Src/stm32f4xx_hal_cortex.o
 .debug_macro   0x0000000000023d69      0x1fc ./Drivers/STM32F4xx_HAL_Driver/Src/stm32f4xx_hal_gpio.o
 .debug_macro   0x0000000000023f65      0x21a ./Drivers/STM32F4xx_HAL_Driver/Src/stm32f4xx_hal_rcc.o
 .debug_macro   0x000000000002417f      0x1f7 ./Drivers/STM32F4xx_HAL_Driver/Src/stm32f4xx_hal_tim.o
 .debug_macro   0x0000000000024376      0x1f6 ./Drivers/STM32F4xx_HAL_Driver/Src/stm32f4xx_hal_tim_ex.o
 .debug_macro   0x000000000002456c      0x1f7 ./Drivers/STM32F4xx_HAL_Driver/Src/stm32f4xx_hal_uart.o

.debug_line     0x0000000000000000    0x14473
 .debug_line    0x0000000000000000      0xa4d ./Core/Src/SCI.o
 .debug_line    0x0000000000000a4d      0xaf8 ./Core/Src/VFD.o
 .debug_line    0x0000000000001545      0xed6 ./Core/Src/main.o
 .debug_line    0x000000000000241b      0xdf8 ./Core/Src/menu.o
 .debug_line    0x0000000000003213      0xbca ./Core/Src/menu_setting.o
 .debug_line    0x0000000000003ddd      0xc70 ./Core/Src/motor.o
 .debug_line    0x0000000000004a4d      0x9fd ./Core/Src/sensor.o
 .debug_line    0x000000000000544a      0xc56 ./Core/Src/stm32f4xx_hal_msp.o
 .debug_line    0x00000000000060a0      0xac3 ./Core/Src/stm32f4xx_it.o
 .debug_line    0x0000000000006b63      0x4f9 ./Core/Src/sysmem.o
 .debug_line    0x000000000000705c      0x78f ./Core/Src/system_stm32f4xx.o
 .debug_line    0x00000000000077eb       0x88 ./Core/Startup/startup_stm32f407vetx.o
 .debug_line    0x0000000000007873      0x9f5 ./Drivers/STM32F4xx_HAL_Driver/Src/stm32f4xx_hal.o
 .debug_line    0x0000000000008268     0x127f ./Drivers/STM32F4xx_HAL_Driver/Src/stm32f4xx_hal_adc.o
 .debug_line    0x00000000000094e7      0xeb5 ./Drivers/STM32F4xx_HAL_Driver/Src/stm32f4xx_hal_adc_ex.o
 .debug_line    0x000000000000a39c      0xca4 ./Drivers/STM32F4xx_HAL_Driver/Src/stm32f4xx_hal_cortex.o
 .debug_line    0x000000000000b040      0xb6b ./Drivers/STM32F4xx_HAL_Driver/Src/stm32f4xx_hal_gpio.o
 .debug_line    0x000000000000bbab      0xd71 ./Drivers/STM32F4xx_HAL_Driver/Src/stm32f4xx_hal_rcc.o
 .debug_line    0x000000000000c91c     0x36e9 ./Drivers/STM32F4xx_HAL_Driver/Src/stm32f4xx_hal_tim.o
 .debug_line    0x0000000000010005     0x19f2 ./Drivers/STM32F4xx_HAL_Driver/Src/stm32f4xx_hal_tim_ex.o
 .debug_line    0x00000000000119f7     0x2a7c ./Drivers/STM32F4xx_HAL_Driver/Src/stm32f4xx_hal_uart.o

.debug_str      0x0000000000000000    0xd8c76
 .debug_str     0x0000000000000000    0xd4c28 ./Core/Src/SCI.o
                                      0xd50bb (size before relaxing)
 .debug_str     0x00000000000d4c28       0x8b ./Core/Src/VFD.o
                                      0xd5100 (size before relaxing)
 .debug_str     0x00000000000d4cb3      0x5d4 ./Core/Src/main.o
                                      0xd56ad (size before relaxing)
 .debug_str     0x00000000000d5287      0x264 ./Core/Src/menu.o
                                      0xd52da (size before relaxing)
 .debug_str     0x00000000000d54eb       0x44 ./Core/Src/menu_setting.o
                                      0xd50b4 (size before relaxing)
 .debug_str     0x00000000000d552f       0xd3 ./Core/Src/motor.o
                                      0xd514f (size before relaxing)
 .debug_str     0x00000000000d5602       0x8e ./Core/Src/sensor.o
                                      0xd50cc (size before relaxing)
 .debug_str     0x00000000000d5690      0x5fb ./Core/Src/stm32f4xx_hal_msp.o
                                      0xd57c6 (size before relaxing)
 .debug_str     0x00000000000d5c8b       0xe1 ./Core/Src/stm32f4xx_it.o
                                      0xd512e (size before relaxing)
 .debug_str     0x00000000000d5d6c      0x4e9 ./Core/Src/sysmem.o
                                       0x6299 (size before relaxing)
 .debug_str     0x00000000000d6255       0xaf ./Core/Src/system_stm32f4xx.o
                                      0xcfc71 (size before relaxing)
 .debug_str     0x00000000000d6304       0x36 ./Core/Startup/startup_stm32f407vetx.o
                                         0x6a (size before relaxing)
 .debug_str     0x00000000000d633a      0x58d ./Drivers/STM32F4xx_HAL_Driver/Src/stm32f4xx_hal.o
                                      0xd0753 (size before relaxing)