main.c:77:6:HAL_TIM_PeriodElapsedCallback	16	static
main.c:96:5:_write	24	static
main.c:108:5:main	16	static
main.c:214:6:SystemClock_Config	88	static
main.c:258:13:MX_ADC1_Init	24	static
main.c:325:13:MX_TIM1_Init	80	static
main.c:390:13:MX_TIM2_Init	72	static
main.c:456:13:MX_TIM3_Init	32	static
main.c:501:13:MX_TIM6_Init	16	static
main.c:539:13:MX_TIM7_Init	16	static
main.c:577:13:MX_TIM8_Init	96	static
main.c:652:13:MX_TIM10_Init	40	static
main.c:698:13:MX_UART4_Init	8	static
main.c:731:13:MX_UART5_Init	8	static
main.c:764:13:MX_GPIO_Init	56	static
main.c:857:6:Error_Handler	4	static,ignoring_inline_asm
