menu.c:13:6:DecreaseValue	16	static
menu.c:50:6:IncreaseValue	16	static
menu.c:96:6:ControlPulse	16	static
menu.c:117:6:DCControlPrint	8	static
menu.c:122:6:ServoControlPrint	8	static
menu.c:127:6:IRSensorPrint	8	static
menu.c:132:6:FirstPageEndPrint	8	static
menu.c:141:6:DCInitiatePrint	8	static
menu.c:147:6:DCControl100Print	8	static
menu.c:152:6:DCControl10Print	8	static
menu.c:157:6:DCControl1Print	8	static
menu.c:162:6:DCVEL10Print	8	static
menu.c:168:6:getSensorValPrint	8	static
menu.c:173:6:getEncoderValPrint	8	static
menu.c:178:6:doZeroControlPrint	8	static
menu.c:184:6:ServoInitiatePrint	8	static
menu.c:190:6:ServoControl100Print	8	static
menu.c:195:6:ServoControl10Print	8	static
menu.c:200:6:ServoControl1Print	8	static
menu.c:205:6:SecondPageEndPrint	8	static
menu.c:213:6:DCInitiate	8	static
menu.c:236:6:DCControl100	8	static
menu.c:241:6:DCControl10	8	static
menu.c:246:6:DCControl1	8	static
menu.c:251:6:DCVEL10	8	static
menu.c:262:6:ServoInitiate	8	static
menu.c:286:6:ServoControl100	8	static
menu.c:291:6:ServoControl10	8	static
menu.c:296:6:ServoControl1	8	static
menu.c:303:6:getSensorValue	16	static
menu.c:325:6:getEncoderValue	8	static
menu.c:330:6:ZeroControl	8	static
menu.c:355:6:getChannel1CM	4	static
menu.c:362:6:ThirdPageEndPrint	8	static
